Component: ARM Compiler 5.06 update 6 (build 750) Tool: armlink [4d35ed]

==============================================================================

Section Cross References

    main.o(i.DoReset_Task) refers to queue.o(i.xQueueSemaphoreTake) for xQueueSemaphoreTake
    main.o(i.DoReset_Task) refers to tasks.o(i.vTaskSuspendAll) for vTaskSuspendAll
    main.o(i.DoReset_Task) refers to tasks.o(i.xTaskResumeAll) for xTaskResumeAll
    main.o(i.DoReset_Task) refers to rt_memclr.o(.text) for __aeabi_memclr
    main.o(i.DoReset_Task) refers to tasks.o(i.vTaskDelay) for vTaskDelay
    main.o(i.DoReset_Task) refers to main.o(.data) for ResetSyncSemphr
    main.o(i.DoReset_Task) refers to main.o(.bss) for FHX_test
    main.o(i.DoReset_Task) refers to usart.o(.bss) for USART_RX_BUF
    main.o(i.LedFlash_Task) refers to tasks.o(i.vTaskDelay) for vTaskDelay
    main.o(i.Start_Task) refers to port.o(i.vPortEnterCritical) for vPortEnterCritical
    main.o(i.Start_Task) refers to queue.o(i.xQueueGenericCreate) for xQueueGenericCreate
    main.o(i.Start_Task) refers to tasks.o(i.xTaskCreate) for xTaskCreate
    main.o(i.Start_Task) refers to tasks.o(i.vTaskSuspend) for vTaskSuspend
    main.o(i.Start_Task) refers to port.o(i.vPortExitCritical) for vPortExitCritical
    main.o(i.Start_Task) refers to main.o(.data) for ResetSyncSemphr
    main.o(i.Start_Task) refers to main.o(i.Uart1_Task) for Uart1_Task
    main.o(i.Start_Task) refers to main.o(i.Test_Task) for Test_Task
    main.o(i.Start_Task) refers to main.o(i.LedFlash_Task) for LedFlash_Task
    main.o(i.Start_Task) refers to main.o(i.DoReset_Task) for DoReset_Task
    main.o(i.Test_Task) refers to _printf_percent.o(.ARM.Collect$$_printf_percent$$00000000) for _printf_percent
    main.o(i.Test_Task) refers to _printf_f.o(.ARM.Collect$$_printf_percent$$00000003) for _printf_f
    main.o(i.Test_Task) refers to printf1.o(x$fpl$printf1) for _printf_fp_dec
    main.o(i.Test_Task) refers to tasks.o(i.vTaskDelay) for vTaskDelay
    main.o(i.Test_Task) refers to port.o(i.vPortEnterCritical) for vPortEnterCritical
    main.o(i.Test_Task) refers to ad7545.o(i.Out_Bfb_To) for Out_Bfb_To
    main.o(i.Test_Task) refers to port.o(i.vPortExitCritical) for vPortExitCritical
    main.o(i.Test_Task) refers to test.o(i.FZX_Test) for FZX_Test
    main.o(i.Test_Task) refers to dleqf.o(x$fpl$dleqf) for __aeabi_cdcmple
    main.o(i.Test_Task) refers to main.o(.bss) for FHX_test
    main.o(i.Test_Task) refers to test.o(.bss) for DN_Struct
    main.o(i.Test_Task) refers to test.o(.data) for FZ_bfb_gt
    main.o(i.Test_Task) refers to main.o(.data) for IsTestuppre
    main.o(i.Test_Task) refers to test.o(i.FZX_Test_Init) for FZX_Test_Init
    main.o(i.Test_Task) refers to d2f.o(x$fpl$d2f) for __aeabi_d2f
    main.o(i.Test_Task) refers to ad7545.o(i.Out_Bfb_Adj) for Out_Bfb_Adj
    main.o(i.Test_Task) refers to noretval__2printf.o(.text) for __2printf
    main.o(i.Uart1_Task) refers to main.o(i.array_to_int) for array_to_int
    main.o(i.Uart1_Task) refers to tasks.o(i.vTaskDelay) for vTaskDelay
    main.o(i.Uart1_Task) refers to usart.o(.data) for USART_RX_STA
    main.o(i.Uart1_Task) refers to usart.o(.bss) for USART_RX_BUF
    main.o(i.Uart1_Task) refers to main.o(.bss) for FHX_test
    main.o(i.Uart1_Task) refers to test.o(.bss) for ZK_Struct
    main.o(i.main) refers to misc.o(i.NVIC_PriorityGroupConfig) for NVIC_PriorityGroupConfig
    main.o(i.main) refers to usart.o(i.uart_init) for uart_init
    main.o(i.main) refers to ad7545.o(i.ad7545_FsmcConfig) for ad7545_FsmcConfig
    main.o(i.main) refers to gpio.o(i.System_GPIO_Init) for System_GPIO_Init
    main.o(i.main) refers to test.o(i.Test_Param_Init) for Test_Param_Init
    main.o(i.main) refers to spi.o(i.SPI1_Init) for SPI1_Init
    main.o(i.main) refers to ads1274.o(i.ADS1274_Init) for ADS1274_Init
    main.o(i.main) refers to test.o(i.FZX_Test_Init) for FZX_Test_Init
    main.o(i.main) refers to tasks.o(i.xTaskCreate) for xTaskCreate
    main.o(i.main) refers to tasks.o(i.vTaskStartScheduler) for vTaskStartScheduler
    main.o(i.main) refers to main.o(.bss) for FHX_test
    main.o(i.main) refers to main.o(.data) for StartTaskHandle
    main.o(i.main) refers to main.o(i.Start_Task) for Start_Task
    system_stm32f4xx.o(i.SystemCoreClockUpdate) refers to system_stm32f4xx.o(.data) for SystemCoreClock
    system_stm32f4xx.o(i.SystemInit) refers to system_stm32f4xx.o(i.SetSysClock) for SetSysClock
    spi.o(i.SPI1_Init) refers to stm32f4xx_rcc.o(i.RCC_AHB1PeriphClockCmd) for RCC_AHB1PeriphClockCmd
    spi.o(i.SPI1_Init) refers to stm32f4xx_rcc.o(i.RCC_APB2PeriphClockCmd) for RCC_APB2PeriphClockCmd
    spi.o(i.SPI1_Init) refers to stm32f4xx_gpio.o(i.GPIO_Init) for GPIO_Init
    spi.o(i.SPI1_Init) refers to stm32f4xx_gpio.o(i.GPIO_PinAFConfig) for GPIO_PinAFConfig
    spi.o(i.SPI1_Init) refers to stm32f4xx_rcc.o(i.RCC_APB2PeriphResetCmd) for RCC_APB2PeriphResetCmd
[...]
    pxOverflowDelayedTaskList                0x200000d0   Data           4  tasks.o(.data)
    uxDeletedTasksWaitingCleanUp             0x200000d4   Data           4  tasks.o(.data)
    uxCurrentNumberOfTasks                   0x200000d8   Data           4  tasks.o(.data)
    xTickCount                               0x200000dc   Data           4  tasks.o(.data)
    uxTopReadyPriority                       0x200000e0   Data           4  tasks.o(.data)
    xSchedulerRunning                        0x200000e4   Data           4  tasks.o(.data)
    uxPendedTicks                            0x200000e8   Data           4  tasks.o(.data)
    xYieldPending                            0x200000ec   Data           4  tasks.o(.data)
    xNumOfOverflows                          0x200000f0   Data           4  tasks.o(.data)
    uxTaskNumber                             0x200000f4   Data           4  tasks.o(.data)
    xNextTaskUnblockTime                     0x200000f8   Data           4  tasks.o(.data)
    xIdleTaskHandle                          0x200000fc   Data           4  tasks.o(.data)
    uxSchedulerSuspended                     0x20000100   Data           4  tasks.o(.data)
    .data                                    0x20000104   Section       20  timers.o(.data)
    pxCurrentTimerList                       0x20000104   Data           4  timers.o(.data)
    pxOverflowTimerList                      0x20000108   Data           4  timers.o(.data)
    xTimerQueue                              0x2000010c   Data           4  timers.o(.data)
    xTimerTaskHandle                         0x20000110   Data           4  timers.o(.data)
    xLastTime                                0x20000114   Data           4  timers.o(.data)
    .data                                    0x20000118   Section       24  heap_4.o(.data)
    xStart                                   0x20000118   Data           8  heap_4.o(.data)
    pxEnd                                    0x20000120   Data           4  heap_4.o(.data)
    xFreeBytesRemaining                      0x20000124   Data           4  heap_4.o(.data)
    xMinimumEverFreeBytesRemaining           0x20000128   Data           4  heap_4.o(.data)
    xBlockAllocatedBit                       0x2000012c   Data           4  heap_4.o(.data)
    .data                                    0x20000130   Section       12  port.o(.data)
    uxCriticalNesting                        0x20000130   Data           4  port.o(.data)
    ucMaxSysCallPriority                     0x20000134   Data           1  port.o(.data)
    ulMaxPRIGROUPValue                       0x20000138   Data           4  port.o(.data)
    .bss                                     0x2000013c   Section       28  main.o(.bss)
    .bss                                     0x20000158   Section    10960  test.o(.bss)
    .bss                                     0x20002c28   Section      400  usart.o(.bss)
    .bss                                     0x20002db8   Section       64  queue.o(.bss)
    .bss                                     0x20002df8   Section      300  tasks.o(.bss)
    pxReadyTasksLists                        0x20002df8   Data         200  tasks.o(.bss)
    xDelayedTaskList1                        0x20002ec0   Data          20  tasks.o(.bss)
    xDelayedTaskList2                        0x20002ed4   Data          20  tasks.o(.bss)
    xPendingReadyList                        0x20002ee8   Data          20  tasks.o(.bss)
    xTasksWaitingTermination                 0x20002efc   Data          20  tasks.o(.bss)
    xSuspendedTaskList                       0x20002f10   Data          20  tasks.o(.bss)
    .bss                                     0x20002f24   Section       40  timers.o(.bss)
    xActiveTimerList1                        0x20002f24   Data          20  timers.o(.bss)
    xActiveTimerList2                        0x20002f38   Data          20  timers.o(.bss)
    .bss                                     0x20002f4c   Section    76800  heap_4.o(.bss)
    ucHeap                                   0x20002f4c   Data       76800  heap_4.o(.bss)
    .bss                                     0x20015b4c   Section       96  libspace.o(.bss)
    HEAP                                     0x20015bb0   Section      512  startup_stm32f40_41xxx.o(HEAP)
    Heap_Mem                                 0x20015bb0   Data         512  startup_stm32f40_41xxx.o(HEAP)
    STACK                                    0x20015db0   Section     1024  startup_stm32f40_41xxx.o(STACK)
    Stack_Mem                                0x20015db0   Data        1024  startup_stm32f40_41xxx.o(STACK)
    __initial_sp                             0x200161b0   Data           0  startup_stm32f40_41xxx.o(STACK)

    Global Symbols

    Symbol Name                              Value     Ov Type        Size  Object(Section)

    BuildAttributes$$THM_ISAv4$E$P$D$K$B$S$7EM$VFPi3$EXTD16$VFPS$VFMA$PE$A:L22UL41UL21$X:L11$S22US41US21$IEEE1$IW$USESV6$~STKCKD$USESV7$~SHL$OTIME$ROPI$IEEEX$EBA8$UX$STANDARDLIB$REQ8$PRES8$EABIv2 0x00000000   Number         0  anon$$obj.o ABSOLUTE
    __ARM_use_no_argv                        0x00000000   Number         0  main.o ABSOLUTE
    _printf_flags                            0x00000000   Number         0  printf_stubs.o ABSOLUTE
    _printf_return_value                     0x00000000   Number         0  printf_stubs.o ABSOLUTE
    _printf_sizespec                         0x00000000   Number         0  printf_stubs.o ABSOLUTE
    _printf_widthprec                        0x00000000   Number         0  printf_stubs.o ABSOLUTE
    __ARM_exceptions_init                     - Undefined Weak Reference
    __alloca_initialize                       - Undefined Weak Reference
    __arm_preinit_                            - Undefined Weak Reference
    __cpp_initialize__aeabi_                  - Undefined Weak Reference
    __cxa_finalize                            - Undefined Weak Reference
    __sigvec_lookup                           - Undefined Weak Reference
    _atexit_init                              - Undefined Weak Reference
    _call_atexit_fns                          - Undefined Weak Reference
    _clock_init                               - Undefined Weak Reference
    _fp_trap_init                             - Undefined Weak Reference
    _fp_trap_shutdown                         - Undefined Weak Reference
    _get_lc_collate                           - Undefined Weak Reference
    _get_lc_ctype                             - Undefined Weak Reference
    _get_lc_monetary                          - Undefined Weak Reference
    _get_lc_time                              - Undefined Weak Reference
    _getenv_init                              - Undefined Weak Reference
    _handle_redirection                       - Undefined Weak Reference
    _init_alloc                               - Undefined Weak Reference
    _init_user_alloc                          - Undefined Weak Reference
    _initio                                   - Undefined Weak Reference
    _mutex_acquire                            - Undefined Weak Reference
    _mutex_release                            - Undefined Weak Reference
    _printf_post_padding                      - Undefined Weak Reference
    _printf_pre_padding                       - Undefined Weak Reference
    _printf_truncate_signed                   - Undefined Weak Reference
    _printf_truncate_unsigned                 - Undefined Weak Reference
    _rand_init                                - Undefined Weak Reference
    _signal_finish                            - Undefined Weak Reference
    _signal_init                              - Undefined Weak Reference
    _terminate_alloc                          - Undefined Weak Reference
    _terminate_user_alloc                     - Undefined Weak Reference
    _terminateio                              - Undefined Weak Reference
    __Vectors_Size                           0x00000188   Number         0  startup_stm32f40_41xxx.o ABSOLUTE
    __Vectors                                0x08000000   Data           4  startup_stm32f40_41xxx.o(RESET)
    __Vectors_End                            0x08000188   Data           0  startup_stm32f40_41xxx.o(RESET)
    __main                                   0x08000189   Thumb Code     8  __main.o(!!!main)
    __scatterload                            0x08000191   Thumb Code     0  __scatter.o(!!!scatter)
    __scatterload_rt2                        0x08000191   Thumb Code    44  __scatter.o(!!!scatter)
    __scatterload_rt2_thumb_only             0x08000191   Thumb Code     0  __scatter.o(!!!scatter)
    __scatterload_null                       0x0800019f   Thumb Code     0  __scatter.o(!!!scatter)
    __decompress                             0x080001c5   Thumb Code    90  __dczerorl2.o(!!dczerorl2)
    __decompress1                            0x080001c5   Thumb Code     0  __dczerorl2.o(!!dczerorl2)
    __scatterload_zeroinit                   0x08000221   Thumb Code    28  __scatter_zi.o(!!handler_zi)
    _printf_f                                0x0800023d   Thumb Code     0  _printf_f.o(.ARM.Collect$$_printf_percent$$00000003)
    _printf_percent                          0x0800023d   Thumb Code     0  _printf_percent.o(.ARM.Collect$$_printf_percent$$00000000)
    _printf_d                                0x08000243   Thumb Code     0  _printf_d.o(.ARM.Collect$$_printf_percent$$00000009)
    _printf_percent_end                      0x08000249   Thumb Code     0  _printf_percent_end.o(.ARM.Collect$$_printf_percent$$00000017)
    __rt_lib_init                            0x0800024d   Thumb Code     0  libinit.o(.ARM.Collect$$libinit$$00000000)
    __rt_lib_init_fp_1                       0x0800024f   Thumb Code     0  libinit2.o(.ARM.Collect$$libinit$$00000001)
    __rt_lib_init_heap_1                     0x08000253   Thumb Code     0  libinit2.o(.ARM.Collect$$libinit$$0000000A)
    __rt_lib_init_lc_common                  0x08000253   Thumb Code     0  libinit2.o(.ARM.Collect$$libinit$$0000000F)
    __rt_lib_init_preinit_1                  0x08000253   Thumb Code     0  libinit2.o(.ARM.Collect$$libinit$$00000004)
    __rt_lib_init_rand_1                     0x08000253   Thumb Code     0  libinit2.o(.ARM.Collect$$libinit$$0000000E)
    __rt_lib_init_user_alloc_1               0x08000253   Thumb Code     0  libinit2.o(.ARM.Collect$$libinit$$0000000C)
    __rt_lib_init_lc_collate_1               0x08000259   Thumb Code     0  libinit2.o(.ARM.Collect$$libinit$$00000011)
    __rt_lib_init_lc_ctype_1                 0x08000259   Thumb Code     0  libinit2.o(.ARM.Collect$$libinit$$00000013)
    __rt_lib_init_lc_monetary_1              0x08000259   Thumb Code     0  libinit2.o(.ARM.Collect$$libinit$$00000015)
    __rt_lib_init_lc_numeric_2               0x08000259   Thumb Code     0  libinit2.o(.ARM.Collect$$libinit$$00000016)
    __rt_lib_init_alloca_1                   0x08000263   Thumb Code     0  libinit2.o(.ARM.Collect$$libinit$$0000002E)
    __rt_lib_init_argv_1                     0x08000263   Thumb Code     0  libinit2.o(.ARM.Collect$$libinit$$0000002C)
    __rt_lib_init_atexit_1                   0x08000263   Thumb Code     0  libinit2.o(.ARM.Collect$$libinit$$0000001B)
    __rt_lib_init_clock_1                    0x08000263   Thumb Code     0  libinit2.o(.ARM.Collect$$libinit$$00000021)
    __rt_lib_init_cpp_1                      0x08000263   Thumb Code     0  libinit2.o(.ARM.Collect$$libinit$$00000032)
    __rt_lib_init_exceptions_1               0x08000263   Thumb Code     0  libinit2.o(.ARM.Collect$$libinit$$00000030)
    __rt_lib_init_fp_trap_1                  0x08000263   Thumb Code     0  libinit2.o(.ARM.Collect$$libinit$$0000001F)
    __rt_lib_init_getenv_1                   0x08000263   Thumb Code     0  libinit2.o(.ARM.Collect$$libinit$$00000023)
    __rt_lib_init_lc_numeric_1               0x08000263   Thumb Code     0  libinit2.o(.ARM.Collect$$libinit$$00000017)
    __rt_lib_init_lc_time_1                  0x08000263   Thumb Code     0  libinit2.o(.ARM.Collect$$libinit$$00000019)
    __rt_lib_init_return                     0x08000263   Thumb Code     0  libinit2.o(.ARM.Collect$$libinit$$00000033)
    __rt_lib_init_signal_1                   0x08000263   Thumb Code     0  libinit2.o(.ARM.Collect$$libinit$$0000001D)
    __rt_lib_init_stdio_1                    0x08000263   Thumb Code     0  libinit2.o(.ARM.Collect$$libinit$$00000025)
    __rt_lib_shutdown                        0x08000265   Thumb Code     0  libshutdown.o(.ARM.Collect$$libshutdown$$00000000)
    __rt_lib_shutdown_cpp_1                  0x08000267   Thumb Code     0  libshutdown2.o(.ARM.Collect$$libshutdown$$00000002)
    __rt_lib_shutdown_fp_trap_1              0x08000267   Thumb Code     0  libshutdown2.o(.ARM.Collect$$libshutdown$$00000007)
    __rt_lib_shutdown_heap_1                 0x08000267   Thumb Code     0  libshutdown2.o(.ARM.Collect$$libshutdown$$0000000F)
    __rt_lib_shutdown_return                 0x08000267   Thumb Code     0  libshutdown2.o(.ARM.Collect$$libshutdown$$00000010)
    __rt_lib_shutdown_signal_1               0x08000267   Thumb Code     0  libshutdown2.o(.ARM.Collect$$libshutdown$$0000000A)
    __rt_lib_shutdown_stdio_1                0x08000267   Thumb Code     0  libshutdown2.o(.ARM.Collect$$libshutdown$$00000004)
    __rt_lib_shutdown_user_alloc_1           0x08000267   Thumb Code     0  libshutdown2.o(.ARM.Collect$$libshutdown$$0000000C)
    __rt_entry                               0x08000269   Thumb Code     0  __rtentry.o(.ARM.Collect$$rtentry$$00000000)
    __rt_entry_presh_1                       0x08000269   Thumb Code     0  __rtentry2.o(.ARM.Collect$$rtentry$$00000002)
    __rt_entry_sh                            0x08000269   Thumb Code     0  __rtentry4.o(.ARM.Collect$$rtentry$$00000004)
    __rt_entry_li                            0x0800026f   Thumb Code     0  __rtentry2.o(.ARM.Collect$$rtentry$$0000000A)
    __rt_entry_postsh_1                      0x0800026f   Thumb Code     0  __rtentry2.o(.ARM.Collect$$rtentry$$00000009)
    __rt_entry_main                          0x08000273   Thumb Code     0  __rtentry2.o(.ARM.Collect$$rtentry$$0000000D)
    __rt_entry_postli_1                      0x08000273   Thumb Code     0  __rtentry2.o(.ARM.Collect$$rtentry$$0000000C)
    __rt_exit                                0x0800027b   Thumb Code     0  rtexit.o(.ARM.Collect$$rtexit$$00000000)
    __rt_exit_ls                             0x0800027d   Thumb Code     0  rtexit2.o(.ARM.Collect$$rtexit$$00000003)
    __rt_exit_prels_1                        0x0800027d   Thumb Code     0  rtexit2.o(.ARM.Collect$$rtexit$$00000002)
    __rt_exit_exit                           0x08000281   Thumb Code     0  rtexit2.o(.ARM.Collect$$rtexit$$00000004)
    SVC_Handler                              0x08000289   Thumb Code    28  port.o(.emb_text)
    __asm___6_port_c_39a90d8d__prvStartFirstTask 0x080002a9   Thumb Code    36  port.o(.emb_text)
    __asm___6_port_c_39a90d8d__prvEnableVFP  0x080002d1   Thumb Code    16  port.o(.emb_text)
    PendSV_Handler                           0x080002e5   Thumb Code    88  port.o(.emb_text)
    vPortGetIPSR                             0x08000341   Thumb Code     6  port.o(.emb_text)
    Reset_Handler                            0x08000349   Thumb Code     8  startup_stm32f40_41xxx.o(.text)
    ADC_IRQHandler                           0x08000363   Thumb Code     0  startup_stm32f40_41xxx.o(.text)
    CAN1_RX0_IRQHandler                      0x08000363   Thumb Code     0  startup_stm32f40_41xxx.o(.text)
    CAN1_RX1_IRQHandler                      0x08000363   Thumb Code     0  startup_stm32f40_41xxx.o(.text)
    CAN1_SCE_IRQHandler                      0x08000363   Thumb Code     0  startup_stm32f40_41xxx.o(.text)
    CAN1_TX_IRQHandler                       0x08000363   Thumb Code     0  startup_stm32f40_41xxx.o(.text)
    CAN2_RX0_IRQHandler                      0x08000363   Thumb Code     0  startup_stm32f40_41xxx.o(.text)
    CAN2_RX1_IRQHandler                      0x08000363   Thumb Code     0  startup_stm32f40_41xxx.o(.text)
    CAN2_SCE_IRQHandler                      0x08000363   Thumb Code     0  startup_stm32f40_41xxx.o(.text)
    CAN2_TX_IRQHandler                       0x08000363   Thumb Code     0  startup_stm32f40_41xxx.o(.text)
    CRYP_IRQHandler                          0x08000363   Thumb Code     0  startup_stm32f40_41xxx.o(.text)
    DCMI_IRQHandler                          0x08000363   Thumb Code     0  startup_stm32f40_41xxx.o(.text)
    DMA1_Stream0_IRQHandler                  0x08000363   Thumb Code     0  startup_stm32f40_41xxx.o(.text)
    DMA1_Stream1_IRQHandler                  0x08000363   Thumb Code     0  startup_stm32f40_41xxx.o(.text)
    DMA1_Stream2_IRQHandler                  0x08000363   Thumb Code     0  startup_stm32f40_41xxx.o(.text)
    DMA1_Stream3_IRQHandler                  0x08000363   Thumb Code     0  startup_stm32f40_41xxx.o(.text)
    DMA1_Stream4_IRQHandler                  0x08000363   Thumb Code     0  startup_stm32f40_41xxx.o(.text)
    DMA1_Stream5_IRQHandler                  0x08000363   Thumb Code     0  startup_stm32f40_41xxx.o(.text)
    DMA1_Stream6_IRQHandler                  0x08000363   Thumb Code     0  startup_stm32f40_41xxx.o(.text)
    DMA1_Stream7_IRQHandler                  0x08000363   Thumb Code     0  startup_stm32f40_41xxx.o(.text)
    DMA2_Stream0_IRQHandler                  0x08000363   Thumb Code     0  startup_stm32f40_41xxx.o(.text)
    DMA2_Stream1_IRQHandler                  0x08000363   Thumb Code     0  startup_stm32f40_41xxx.o(.text)
    DMA2_Stream2_IRQHandler                  0x08000363   Thumb Code     0  startup_stm32f40_41xxx.o(.text)
    DMA2_Stream3_IRQHandler                  0x08000363   Thumb Code     0  startup_stm32f40_41xxx.o(.text)
    DMA2_Stream4_IRQHandler                  0x08000363   Thumb Code     0  startup_stm32f40_41xxx.o(.text)
    DMA2_Stream5_IRQHandler                  0x08000363   Thumb Code     0  startup_stm32f40_41xxx.o(.text)
    DMA2_Stream6_IRQHandler                  0x08000363   Thumb Code     0  startup_stm32f40_41xxx.o(.text)
    DMA2_Stream7_IRQHandler                  0x08000363   Thumb Code     0  startup_stm32f40_41xxx.o(.text)
    ETH_IRQHandler                           0x08000363   Thumb Code     0  startup_stm32f40_41xxx.o(.text)
    ETH_WKUP_IRQHandler                      0x08000363   Thumb Code     0  startup_stm32f40_41xxx.o(.text)
    EXTI0_IRQHandler                         0x08000363   Thumb Code     0  startup_stm32f40_41xxx.o(.text)
    EXTI15_10_IRQHandler                     0x08000363   Thumb Code     0  startup_stm32f40_41xxx.o(.text)
    EXTI1_IRQHandler                         0x08000363   Thumb Code     0  startup_stm32f40_41xxx.o(.text)
    EXTI2_IRQHandler                         0x08000363   Thumb Code     0  startup_stm32f40_41xxx.o(.text)
    EXTI3_IRQHandler                         0x08000363   Thumb Code     0  startup_stm32f40_41xxx.o(.text)
    EXTI9_5_IRQHandler                       0x08000363   Thumb Code     0  startup_stm32f40_41xxx.o(.text)
    FLASH_IRQHandler                         0x08000363   Thumb Code     0  startup_stm32f40_41xxx.o(.text)
    FPU_IRQHandler                           0x08000363   Thumb Code     0  startup_stm32f40_41xxx.o(.text)
    FSMC_IRQHandler                          0x08000363   Thumb Code     0  startup_stm32f40_41xxx.o(.text)
    HASH_RNG_IRQHandler                      0x08000363   Thumb Code     0  startup_stm32f40_41xxx.o(.text)
    I2C1_ER_IRQHandler                       0x08000363   Thumb Code     0  startup_stm32f40_41xxx.o(.text)
    I2C1_EV_IRQHandler                       0x08000363   Thumb Code     0  startup_stm32f40_41xxx.o(.text)
    I2C2_ER_IRQHandler                       0x08000363   Thumb Code     0  startup_stm32f40_41xxx.o(.text)
    I2C2_EV_IRQHandler                       0x08000363   Thumb Code     0  startup_stm32f40_41xxx.o(.text)
    I2C3_ER_IRQHandler                       0x08000363   Thumb Code     0  startup_stm32f40_41xxx.o(.text)
    I2C3_EV_IRQHandler                       0x08000363   Thumb Code     0  startup_stm32f40_41xxx.o(.text)
    OTG_FS_IRQHandler                        0x08000363   Thumb Code     0  startup_stm32f40_41xxx.o(.text)
    OTG_FS_WKUP_IRQHandler                   0x08000363   Thumb Code     0  startup_stm32f40_41xxx.o(.text)
    OTG_HS_EP1_IN_IRQHandler                 0x08000363   Thumb Code     0  startup_stm32f40_41xxx.o(.text)
    OTG_HS_EP1_OUT_IRQHandler                0x08000363   Thumb Code     0  startup_stm32f40_41xxx.o(.text)
    OTG_HS_IRQHandler                        0x08000363   Thumb Code     0  startup_stm32f40_41xxx.o(.text)
    OTG_HS_WKUP_IRQHandler                   0x08000363   Thumb Code     0  startup_stm32f40_41xxx.o(.text)
    PVD_IRQHandler                           0x08000363   Thumb Code     0  startup_stm32f40_41xxx.o(.text)
    RCC_IRQHandler                           0x08000363   Thumb Code     0  startup_stm32f40_41xxx.o(.text)
    RTC_Alarm_IRQHandler                     0x08000363   Thumb Code     0  startup_stm32f40_41xxx.o(.text)
    RTC_WKUP_IRQHandler                      0x08000363   Thumb Code     0  startup_stm32f40_41xxx.o(.text)
    SDIO_IRQHandler                          0x08000363   Thumb Code     0  startup_stm32f40_41xxx.o(.text)
    SPI1_IRQHandler                          0x08000363   Thumb Code     0  startup_stm32f40_41xxx.o(.text)
    SPI2_IRQHandler                          0x08000363   Thumb Code     0  startup_stm32f40_41xxx.o(.text)
    SPI3_IRQHandler                          0x08000363   Thumb Code     0  startup_stm32f40_41xxx.o(.text)
    TAMP_STAMP_IRQHandler                    0x08000363   Thumb Code     0  startup_stm32f40_41xxx.o(.text)
    TIM1_BRK_TIM9_IRQHandler                 0x08000363   Thumb Code     0  startup_stm32f40_41xxx.o(.text)
    TIM1_CC_IRQHandler                       0x08000363   Thumb Code     0  startup_stm32f40_41xxx.o(.text)
    TIM1_TRG_COM_TIM11_IRQHandler            0x08000363   Thumb Code     0  startup_stm32f40_41xxx.o(.text)
    TIM1_UP_TIM10_IRQHandler                 0x08000363   Thumb Code     0  startup_stm32f40_41xxx.o(.text)
    TIM2_IRQHandler                          0x08000363   Thumb Code     0  startup_stm32f40_41xxx.o(.text)
    TIM3_IRQHandler                          0x08000363   Thumb Code     0  startup_stm32f40_41xxx.o(.text)
    TIM4_IRQHandler                          0x08000363   Thumb Code     0  startup_stm32f40_41xxx.o(.text)
    TIM5_IRQHandler                          0x08000363   Thumb Code     0  startup_stm32f40_41xxx.o(.text)
    TIM6_DAC_IRQHandler                      0x08000363   Thumb Code     0  startup_stm32f40_41xxx.o(.text)
    TIM7_IRQHandler                          0x08000363   Thumb Code     0  startup_stm32f40_41xxx.o(.text)
    TIM8_BRK_TIM12_IRQHandler                0x08000363   Thumb Code     0  startup_stm32f40_41xxx.o(.text)
    TIM8_CC_IRQHandler                       0x08000363   Thumb Code     0  startup_stm32f40_41xxx.o(.text)
    TIM8_TRG_COM_TIM14_IRQHandler            0x08000363   Thumb Code     0  startup_stm32f40_41xxx.o(.text)
    TIM8_UP_TIM13_IRQHandler                 0x08000363   Thumb Code     0  startup_stm32f40_41xxx.o(.text)
    UART4_IRQHandler                         0x08000363   Thumb Code     0  startup_stm32f40_41xxx.o(.text)
    UART5_IRQHandler                         0x08000363   Thumb Code     0  startup_stm32f40_41xxx.o(.text)
    USART3_IRQHandler                        0x08000363   Thumb Code     0  startup_stm32f40_41xxx.o(.text)
    USART6_IRQHandler                        0x08000363   Thumb Code     0  startup_stm32f40_41xxx.o(.text)
    WWDG_IRQHandler                          0x08000363   Thumb Code     0  startup_stm32f40_41xxx.o(.text)
    __user_initial_stackheap                 0x08000365   Thumb Code     0  startup_stm32f40_41xxx.o(.text)
    __use_no_semihosting                     0x08000389   Thumb Code     2  use_no_semi_2.o(.text)
    __2printf                                0x0800038d   Thumb Code    20  noretval__2printf.o(.text)
    _printf_int_dec                          0x080003a5   Thumb Code   104  _printf_dec.o(.text)
    __printf                                 0x0800041d   Thumb Code   270  __printf_wp.o(.text)
    __aeabi_memcpy                           0x0800052b   Thumb Code     0  rt_memcpy_v6.o(.text)
    __rt_memcpy                              0x0800052b   Thumb Code   138  rt_memcpy_v6.o(.text)
    _memcpy_lastbytes                        0x08000591   Thumb Code     0  rt_memcpy_v6.o(.text)
    __aeabi_memset                           0x080005b5   Thumb Code    16  aeabi_memset.o(.text)
    __aeabi_memclr                           0x080005c5   Thumb Code     0  rt_memclr.o(.text)
    __rt_memclr                              0x080005c5   Thumb Code    68  rt_memclr.o(.text)
    _memset                                  0x080005c9   Thumb Code     0  rt_memclr.o(.text)
    __aeabi_memclr4                          0x08000609   Thumb Code     0  rt_memclr_w.o(.text)
    __aeabi_memclr8                          0x08000609   Thumb Code     0  rt_memclr_w.o(.text)
    __rt_memclr_w                            0x08000609   Thumb Code    78  rt_memclr_w.o(.text)
    _memset_w                                0x0800060d   Thumb Code     0  rt_memclr_w.o(.text)
    __use_two_region_memory                  0x08000657   Thumb Code     2  heapauxi.o(.text)
    __rt_heap_escrow$2region                 0x08000659   Thumb Code     2  heapauxi.o(.text)
    __rt_heap_expand$2region                 0x0800065b   Thumb Code     2  heapauxi.o(.text)
    __I$use$semihosting                      0x0800065d   Thumb Code     0  use_no_semi.o(.text)
    __use_no_semihosting_swi                 0x0800065d   Thumb Code     2  use_no_semi.o(.text)
    __read_errno                             0x0800065f   Thumb Code    10  _rserrno.o(.text)
    __set_errno                              0x08000669   Thumb Code    12  _rserrno.o(.text)
    _printf_int_common                       0x08000675   Thumb Code   178  _printf_intcommon.o(.text)
    __lib_sel_fp_printf                      0x08000727   Thumb Code     2  _printf_fp_dec.o(.text)
    _printf_fp_dec_real                      0x080008d9   Thumb Code   620  _printf_fp_dec.o(.text)
    _printf_char_file                        0x08000b45   Thumb Code    32  _printf_char_file.o(.text)
    __aeabi_memcpy4                          0x08000b69   Thumb Code     0  rt_memcpy_w.o(.text)
    __aeabi_memcpy8                          0x08000b69   Thumb Code     0  rt_memcpy_w.o(.text)
    __rt_memcpy_w                            0x08000b69   Thumb Code   100  rt_memcpy_w.o(.text)
    _memcpy_lastbytes_aligned                0x08000bb1   Thumb Code     0  rt_memcpy_w.o(.text)
    __rt_locale                              0x08000bcd   Thumb Code     8  rt_locale_intlibspace.o(.text)
    __aeabi_errno_addr                       0x08000bd5   Thumb Code     8  rt_errno_addr_intlibspace.o(.text)
    __errno$intlibspace                      0x08000bd5   Thumb Code     0  rt_errno_addr_intlibspace.o(.text)
    __rt_errno_addr$intlibspace              0x08000bd5   Thumb Code     0  rt_errno_addr_intlibspace.o(.text)
    _ll_udiv10                               0x08000bdd   Thumb Code   138  lludiv10.o(.text)
    _printf_char_common                      0x08000c73   Thumb Code    32  _printf_char_common.o(.text)
    _printf_fp_infnan                        0x08000c99   Thumb Code   112  _printf_fp_infnan.o(.text)
    _btod_etento                             0x08000d19   Thumb Code   224  bigflt0.o(.text)
    ferror                                   0x08000dfd   Thumb Code     8  ferror.o(.text)
    __user_libspace                          0x08000e05   Thumb Code     8  libspace.o(.text)
    __user_perproc_libspace                  0x08000e05   Thumb Code     0  libspace.o(.text)
    __user_perthread_libspace                0x08000e05   Thumb Code     0  libspace.o(.text)
    __user_setup_stackheap                   0x08000e0d   Thumb Code    74  sys_stackheap_outer.o(.text)
    exit                                     0x08000e57   Thumb Code    18  exit.o(.text)
    strcmp                                   0x08000e69   Thumb Code   128  strcmpv7m.o(.text)
    _btod_d2e                                0x08000ee9   Thumb Code    62  btod.o(CL$$btod_d2e)
    _d2e_denorm_low                          0x08000f27   Thumb Code    70  btod.o(CL$$btod_d2e_denorm_low)
    _d2e_norm_op1                            0x08000f6d   Thumb Code    96  btod.o(CL$$btod_d2e_norm_op1)
    __btod_div_common                        0x08000fcd   Thumb Code   696  btod.o(CL$$btod_div_common)
    _e2e                                     0x08001305   Thumb Code   220  btod.o(CL$$btod_e2e)
    _btod_ediv                               0x080013e1   Thumb Code    42  btod.o(CL$$btod_ediv)
    _btod_emul                               0x0800140b   Thumb Code    42  btod.o(CL$$btod_emul)
    __btod_mult_common                       0x08001435   Thumb Code   580  btod.o(CL$$btod_mult_common)
    ADS1274_Init                             0x080028e1   Thumb Code   152  ads1274.o(i.ADS1274_Init)
    ADS1274_ReadNowAdc                       0x08002981   Thumb Code    64  ads1274.o(i.ADS1274_ReadNowAdc)
    BusFault_Handler                         0x08002a59   Thumb Code     4  stm32f4xx_it.o(i.BusFault_Handler)
    DebugMon_Handler                         0x08002eb1   Thumb Code     2  stm32f4xx_it.o(i.DebugMon_Handler)
    DoReset_Task                             0x08002eb5   Thumb Code    74  main.o(i.DoReset_Task)
    EXTI4_IRQHandler                         0x08002f19   Thumb Code    24  ads1274.o(i.EXTI4_IRQHandler)
    EXTI_ClearITPendingBit                   0x08002f35   Thumb Code     6  stm32f4xx_exti.o(i.EXTI_ClearITPendingBit)
    EXTI_GetITStatus                         0x08002f41   Thumb Code    20  stm32f4xx_exti.o(i.EXTI_GetITStatus)
    EXTI_Init                                0x08002f59   Thumb Code   142  stm32f4xx_exti.o(i.EXTI_Init)
    FSMC_NORSRAMCmd                          0x08002fed   Thumb Code    46  stm32f4xx_fsmc.o(i.FSMC_NORSRAMCmd)
    FSMC_NORSRAMInit                         0x08003021   Thumb Code   230  stm32f4xx_fsmc.o(i.FSMC_NORSRAMInit)
    FZX_Test                                 0x08003109   Thumb Code   704  test.o(i.FZX_Test)
    FZX_Test_Init                            0x08003401   Thumb Code   104  test.o(i.FZX_Test_Init)
    GPIO_Init                                0x0800347d   Thumb Code   144  stm32f4xx_gpio.o(i.GPIO_Init)
    GPIO_PinAFConfig                         0x0800350d   Thumb Code    70  stm32f4xx_gpio.o(i.GPIO_PinAFConfig)
    GPIO_ResetBits                           0x08003553   Thumb Code     4  stm32f4xx_gpio.o(i.GPIO_ResetBits)
    GPIO_SetBits                             0x08003557   Thumb Code     4  stm32f4xx_gpio.o(i.GPIO_SetBits)
    HardFault_Handler                        0x0800355b   Thumb Code     4  stm32f4xx_it.o(i.HardFault_Handler)
    LedFlash_Task                            0x08003561   Thumb Code    24  main.o(i.LedFlash_Task)
    MemManage_Handler                        0x08003581   Thumb Code     4  stm32f4xx_it.o(i.MemManage_Handler)
    NMI_Handler                              0x08003585   Thumb Code     2  stm32f4xx_it.o(i.NMI_Handler)
    NVIC_Init                                0x08003589   Thumb Code   106  misc.o(i.NVIC_Init)
    NVIC_PriorityGroupConfig                 0x08003601   Thumb Code    10  misc.o(i.NVIC_PriorityGroupConfig)
    Out_Bfb_Adj                              0x080036bd   Thumb Code   304  ad7545.o(i.Out_Bfb_Adj)
    Out_Bfb_To                               0x08003835   Thumb Code   136  ad7545.o(i.Out_Bfb_To)
    RCC_AHB1PeriphClockCmd                   0x080038e1   Thumb Code    26  stm32f4xx_rcc.o(i.RCC_AHB1PeriphClockCmd)
    RCC_AHB3PeriphClockCmd                   0x08003901   Thumb Code    26  stm32f4xx_rcc.o(i.RCC_AHB3PeriphClockCmd)
    RCC_APB1PeriphClockCmd                   0x08003921   Thumb Code    26  stm32f4xx_rcc.o(i.RCC_APB1PeriphClockCmd)
    RCC_APB2PeriphClockCmd                   0x08003941   Thumb Code    26  stm32f4xx_rcc.o(i.RCC_APB2PeriphClockCmd)
    RCC_APB2PeriphResetCmd                   0x08003961   Thumb Code    26  stm32f4xx_rcc.o(i.RCC_APB2PeriphResetCmd)
    RCC_GetClocksFreq                        0x08003981   Thumb Code   214  stm32f4xx_rcc.o(i.RCC_GetClocksFreq)
    SPI1_Init                                0x08003a69   Thumb Code   170  spi.o(i.SPI1_Init)
    SPI1_Read_Data                           0x08003b1d   Thumb Code   238  spi.o(i.SPI1_Read_Data)
    SPI_Cmd                                  0x08003c11   Thumb Code    24  stm32f4xx_spi.o(i.SPI_Cmd)
    SPI_I2S_GetFlagStatus                    0x08003c29   Thumb Code    18  stm32f4xx_spi.o(i.SPI_I2S_GetFlagStatus)
    SPI_I2S_ReceiveData                      0x08003c3b   Thumb Code     6  stm32f4xx_spi.o(i.SPI_I2S_ReceiveData)
    SPI_Init                                 0x08003c41   Thumb Code    60  stm32f4xx_spi.o(i.SPI_Init)
    SYSCFG_EXTILineConfig                    0x08003c7d   Thumb Code    60  stm32f4xx_syscfg.o(i.SYSCFG_EXTILineConfig)
    Start_Task                               0x08003ec1   Thumb Code   118  main.o(i.Start_Task)
    SysTick_Handler                          0x0800404d   Thumb Code    46  port.o(i.SysTick_Handler)
    SystemInit                               0x08004081   Thumb Code    88  system_stm32f4xx.o(i.SystemInit)
    System_GPIO_Init                         0x080040e9   Thumb Code   278  gpio.o(i.System_GPIO_Init)
    Test_Param_Init                          0x08004215   Thumb Code   370  test.o(i.Test_Param_Init)
    Test_Task                                0x080043b1   Thumb Code  1556  main.o(i.Test_Task)
    USART1_IRQHandler                        0x08004a0d   Thumb Code   156  usart.o(i.USART1_IRQHandler)
    USART2_IRQHandler                        0x08004abd   Thumb Code   122  usart.o(i.USART2_IRQHandler)
    USART_Cmd                                0x08004b45   Thumb Code    24  stm32f4xx_usart.o(i.USART_Cmd)
    USART_GetITStatus                        0x08004b5d   Thumb Code    84  stm32f4xx_usart.o(i.USART_GetITStatus)
    USART_ITConfig                           0x08004bb1   Thumb Code    74  stm32f4xx_usart.o(i.USART_ITConfig)
    USART_Init                               0x08004bfd   Thumb Code   204  stm32f4xx_usart.o(i.USART_Init)
    USART_ReceiveData                        0x08004cd1   Thumb Code    10  stm32f4xx_usart.o(i.USART_ReceiveData)
    Uart1_Task                               0x08004cdd   Thumb Code   378  main.o(i.Uart1_Task)
    UsageFault_Handler                       0x08004e89   Thumb Code     4  stm32f4xx_it.o(i.UsageFault_Handler)
    __ARM_fpclassify                         0x08005059   Thumb Code    48  fpclassify.o(i.__ARM_fpclassify)
    __hardfp_atan                            0x08005089   Thumb Code   622  atan.o(i.__hardfp_atan)
    __hardfp_cos                             0x08005361   Thumb Code   180  cos.o(i.__hardfp_cos)
    __hardfp_sin                             0x08005429   Thumb Code   180  sin.o(i.__hardfp_sin)
    __hardfp_sqrt                            0x080054f1   Thumb Code   122  sqrt.o(i.__hardfp_sqrt)
    __ieee754_rem_pio2                       0x08005571   Thumb Code   938  rred.o(i.__ieee754_rem_pio2)
    __kernel_cos                             0x080059a9   Thumb Code   322  cos_i.o(i.__kernel_cos)
    __kernel_poly                            0x08005b19   Thumb Code   248  poly.o(i.__kernel_poly)
    __kernel_sin                             0x08005c11   Thumb Code   280  sin_i.o(i.__kernel_sin)
    __mathlib_dbl_infnan                     0x08005d41   Thumb Code    20  dunder.o(i.__mathlib_dbl_infnan)
    __mathlib_dbl_invalid                    0x08005d59   Thumb Code    24  dunder.o(i.__mathlib_dbl_invalid)
    __mathlib_dbl_underflow                  0x08005d79   Thumb Code    24  dunder.o(i.__mathlib_dbl_underflow)
    _is_digit                                0x08005d99   Thumb Code    14  __printf_wp.o(i._is_digit)
    _sys_exit                                0x08005da7   Thumb Code     4  usart.o(i._sys_exit)
    ad7545_FsmcConfig                        0x08005dad   Thumb Code   422  ad7545.o(i.ad7545_FsmcConfig)
    array_to_int                             0x08005f65   Thumb Code    56  main.o(i.array_to_int)
    fabs                                     0x08005fa1   Thumb Code    24  fabs.o(i.fabs)
    fputc                                    0x08005fb9   Thumb Code    22  usart.o(i.fputc)
    main                                     0x08005fd5   Thumb Code    80  main.o(i.main)
    pvPortMalloc                             0x080069b9   Thumb Code   296  heap_4.o(i.pvPortMalloc)
    pvTaskIncrementMutexHeldCount            0x08006af5   Thumb Code    26  tasks.o(i.pvTaskIncrementMutexHeldCount)
    pxPortInitialiseStack                    0x08006b15   Thumb Code    38  port.o(i.pxPortInitialiseStack)
    uart_init                                0x08006b41   Thumb Code   278  usart.o(i.uart_init)
    uxListRemove                             0x08006c65   Thumb Code    40  list.o(i.uxListRemove)
    vListInitialise                          0x08006c8d   Thumb Code    26  list.o(i.vListInitialise)
    vListInitialiseItem                      0x08006ca7   Thumb Code     6  list.o(i.vListInitialiseItem)
    vListInsert                              0x08006cad   Thumb Code    52  list.o(i.vListInsert)
    vListInsertEnd                           0x08006ce1   Thumb Code    24  list.o(i.vListInsertEnd)
    vPortEnterCritical                       0x08006cf9   Thumb Code    76  port.o(i.vPortEnterCritical)
    vPortExitCritical                        0x08006d4d   Thumb Code    56  port.o(i.vPortExitCritical)
    vPortFree                                0x08006d89   Thumb Code   140  heap_4.o(i.vPortFree)
    vPortSetupTimerInterrupt                 0x08006e1d   Thumb Code    36  port.o(i.vPortSetupTimerInterrupt)
    vPortValidateInterruptPriority           0x08006e45   Thumb Code   106  port.o(i.vPortValidateInterruptPriority)
    vQueueAddToRegistry                      0x08006ebd   Thumb Code    38  queue.o(i.vQueueAddToRegistry)
    vQueueWaitForMessageRestricted           0x08006ee9   Thumb Code    74  queue.o(i.vQueueWaitForMessageRestricted)
    vTaskDelay                               0x08006f35   Thumb Code    82  tasks.o(i.vTaskDelay)
    vTaskInternalSetTimeOutState             0x08006f91   Thumb Code    14  tasks.o(i.vTaskInternalSetTimeOutState)
    vTaskMissedYield                         0x08006fa9   Thumb Code     8  tasks.o(i.vTaskMissedYield)
    vTaskPlaceOnEventList                    0x08006fb5   Thumb Code    52  tasks.o(i.vTaskPlaceOnEventList)
    vTaskPlaceOnEventListRestricted          0x08006fed   Thumb Code    60  tasks.o(i.vTaskPlaceOnEventListRestricted)
    vTaskPriorityDisinheritAfterTimeout      0x0800702d   Thumb Code   230  tasks.o(i.vTaskPriorityDisinheritAfterTimeout)
    vTaskStartScheduler                      0x08007121   Thumb Code   118  tasks.o(i.vTaskStartScheduler)
    vTaskSuspend                             0x080071b5   Thumb Code   210  tasks.o(i.vTaskSuspend)
    vTaskSuspendAll                          0x080072a9   Thumb Code    12  tasks.o(i.vTaskSuspendAll)
    vTaskSwitchContext                       0x080072b9   Thumb Code   118  tasks.o(i.vTaskSwitchContext)
    xPortStartScheduler                      0x080073c9   Thumb Code   330  port.o(i.xPortStartScheduler)
    xQueueGenericCreate                      0x08007531   Thumb Code    88  queue.o(i.xQueueGenericCreate)
    xQueueGenericReset                       0x08007589   Thumb Code   146  queue.o(i.xQueueGenericReset)
    xQueueGenericSend                        0x08007621   Thumb Code   420  queue.o(i.xQueueGenericSend)
    xQueueGenericSendFromISR                 0x080077c9   Thumb Code   248  queue.o(i.xQueueGenericSendFromISR)
    xQueueGiveFromISR                        0x080078c1   Thumb Code   224  queue.o(i.xQueueGiveFromISR)
    xQueueReceive                            0x080079a1   Thumb Code   356  queue.o(i.xQueueReceive)
    xQueueSemaphoreTake                      0x08007b09   Thumb Code   434  queue.o(i.xQueueSemaphoreTake)
    xTaskCheckForTimeOut                     0x08007cc1   Thumb Code   132  tasks.o(i.xTaskCheckForTimeOut)
    xTaskCreate                              0x08007d4d   Thumb Code    96  tasks.o(i.xTaskCreate)
    xTaskGetSchedulerState                   0x08007dad   Thumb Code    24  tasks.o(i.xTaskGetSchedulerState)
    xTaskGetTickCount                        0x08007dcd   Thumb Code     6  tasks.o(i.xTaskGetTickCount)
    xTaskIncrementTick                       0x08007dd9   Thumb Code   282  tasks.o(i.xTaskIncrementTick)
    xTaskPriorityDisinherit                  0x08007f21   Thumb Code   188  tasks.o(i.xTaskPriorityDisinherit)
    xTaskPriorityInherit                     0x08007fe9   Thumb Code   186  tasks.o(i.xTaskPriorityInherit)
    xTaskRemoveFromEventList                 0x080080b1   Thumb Code   128  tasks.o(i.xTaskRemoveFromEventList)
    xTaskResumeAll                           0x08008149   Thumb Code   224  tasks.o(i.xTaskResumeAll)
    xTimerCreateTimerTask                    0x0800824d   Thumb Code    64  timers.o(i.xTimerCreateTimerTask)
    xTimerGenericCommand                     0x080082a1   Thumb Code   126  timers.o(i.xTimerGenericCommand)
    _get_lc_numeric                          0x08008325   Thumb Code    44  lc_numeric_c.o(locale$$code)
    __aeabi_dneg                             0x08008351   Thumb Code     0  basic.o(x$fpl$basic)
    _dneg                                    0x08008351   Thumb Code     6  basic.o(x$fpl$basic)
    __aeabi_fneg                             0x08008357   Thumb Code     0  basic.o(x$fpl$basic)
    _fneg                                    0x08008357   Thumb Code     6  basic.o(x$fpl$basic)
    _dabs                                    0x0800835d   Thumb Code     6  basic.o(x$fpl$basic)
    _fabs                                    0x08008363   Thumb Code     6  basic.o(x$fpl$basic)
    __aeabi_d2f                              0x08008369   Thumb Code     0  d2f.o(x$fpl$d2f)
    _d2f                                     0x08008369   Thumb Code    98  d2f.o(x$fpl$d2f)
    __aeabi_dadd                             0x080083cd   Thumb Code     0  daddsub_clz.o(x$fpl$dadd)
    _dadd                                    0x080083cd   Thumb Code   332  daddsub_clz.o(x$fpl$dadd)
    __fpl_dcmp_Inf                           0x0800851d   Thumb Code    24  dcmpi.o(x$fpl$dcmpinf)
    __aeabi_ddiv                             0x08008535   Thumb Code     0  ddiv.o(x$fpl$ddiv)
    _ddiv                                    0x08008535   Thumb Code   552  ddiv.o(x$fpl$ddiv)
    __aeabi_cdcmpeq                          0x080087e5   Thumb Code     0  deqf.o(x$fpl$deqf)
    _dcmpeq                                  0x080087e5   Thumb Code   120  deqf.o(x$fpl$deqf)
    __aeabi_d2iz                             0x0800885d   Thumb Code     0  dfix.o(x$fpl$dfix)
    _dfix                                    0x0800885d   Thumb Code    94  dfix.o(x$fpl$dfix)
    __aeabi_i2d                              0x080088bb   Thumb Code     0  dflt_clz.o(x$fpl$dflt)
    _dflt                                    0x080088bb   Thumb Code    46  dflt_clz.o(x$fpl$dflt)
    __aeabi_ui2d                             0x080088e9   Thumb Code     0  dflt_clz.o(x$fpl$dfltu)
    _dfltu                                   0x080088e9   Thumb Code    38  dflt_clz.o(x$fpl$dfltu)
    __aeabi_cdcmple                          0x08008911   Thumb Code     0  dleqf.o(x$fpl$dleqf)
    _dcmple                                  0x08008911   Thumb Code   120  dleqf.o(x$fpl$dleqf)
    __fpl_dcmple_InfNaN                      0x08008973   Thumb Code     0  dleqf.o(x$fpl$dleqf)
    __aeabi_dmul                             0x08008989   Thumb Code     0  dmul.o(x$fpl$dmul)
    _dmul                                    0x08008989   Thumb Code   332  dmul.o(x$fpl$dmul)
    __fpl_dnaninf                            0x08008add   Thumb Code   156  dnaninf.o(x$fpl$dnaninf)
    __fpl_dretinf                            0x08008b79   Thumb Code    12  dretinf.o(x$fpl$dretinf)
    __aeabi_cdrcmple                         0x08008b85   Thumb Code     0  drleqf.o(x$fpl$drleqf)
    _drcmple                                 0x08008b85   Thumb Code   108  drleqf.o(x$fpl$drleqf)
    __aeabi_drsub                            0x08008bf1   Thumb Code     0  daddsub_clz.o(x$fpl$drsb)
    _drsb                                    0x08008bf1   Thumb Code    22  daddsub_clz.o(x$fpl$drsb)
    _dsqrt                                   0x08008c09   Thumb Code   404  dsqrt_umaal.o(x$fpl$dsqrt)
    __aeabi_dsub                             0x08008da1   Thumb Code     0  daddsub_clz.o(x$fpl$dsub)
    _dsub                                    0x08008da1   Thumb Code   464  daddsub_clz.o(x$fpl$dsub)
    __aeabi_f2d                              0x08008f75   Thumb Code     0  f2d.o(x$fpl$f2d)
    _f2d                                     0x08008f75   Thumb Code    86  f2d.o(x$fpl$f2d)
    __fpl_fnaninf                            0x08008fcb   Thumb Code   140  fnaninf.o(x$fpl$fnaninf)
    _fp_init                                 0x08009057   Thumb Code    10  fpinit.o(x$fpl$fpinit)
    __fplib_config_fpu_vfp                   0x0800905f   Thumb Code     0  fpinit.o(x$fpl$fpinit)
    __fplib_config_pureend_doubles           0x0800905f   Thumb Code     0  fpinit.o(x$fpl$fpinit)
    __fpl_fretinf                            0x08009061   Thumb Code    10  fretinf.o(x$fpl$fretinf)
    _printf_fp_dec                           0x0800906b   Thumb Code     4  printf1.o(x$fpl$printf1)
    __I$use$fp                               0x0800906e   Number         0  usenofp.o(x$fpl$usenofp)
    Fy_table                                 0x08009070   Data          16  test.o(.constdata)
    Table_Biao_JXS                           0x08009080   Data          32  test.o(.constdata)
    Table_Cha_JXS                            0x080090a0   Data          32  test.o(.constdata)
    XS_K                                     0x080090c0   Data          16  test.o(.constdata)
    Table_Biao                               0x080090d0   Data          16  test.o(.constdata)
    Table_Cha                                0x080090e0   Data          16  test.o(.constdata)
    Region$$Table$$Base                      0x0800933c   Number         0  anon$$obj.o(Region$$Table)
    Region$$Table$$Limit                     0x0800935c   Number         0  anon$$obj.o(Region$$Table)
    StartTaskHandle                          0x20000000   Data           4  main.o(.data)
    Uart1TaskHandle                          0x20000004   Data           4  main.o(.data)
    TestTaskHandle                           0x20000008   Data           4  main.o(.data)
    LedFlashTaskHandle                       0x2000000c   Data           4  main.o(.data)
    DoResetTaskHandle                        0x20000010   Data           4  main.o(.data)
    ResetSyncSemphr                          0x20000014   Data           4  main.o(.data)
    gSystemReset                             0x20000018   Data           1  main.o(.data)
    uppre_val                                0x2000001c   Data           4  main.o(.data)
    IsTestuppre                              0x20000020   Data           1  main.o(.data)
    SystemCoreClock                          0x20000024   Data           4  system_stm32f4xx.o(.data)
    AHBPrescTable                            0x20000028   Data          16  system_stm32f4xx.o(.data)
    AD_val                                   0x20000038   Data           8  ads1274.o(.data)
    read_flag                                0x20000040   Data           1  test.o(.data)
    Mod_Sel                                  0x20000041   Data           1  test.o(.data)
    U_Biao                                   0x20000048   Data           8  test.o(.data)
    U_Cha                                    0x20000050   Data           8  test.o(.data)
    U_Iu                                     0x20000060   Data           8  test.o(.data)
    U_i                                      0x20000068   Data           8  test.o(.data)
    CK204_Biao                               0x20000070   Data           1  test.o(.data)
    CK204_Cha                                0x20000071   Data           1  test.o(.data)
    FZ_gt                                    0x20000078   Data           8  test.o(.data)
    FZ_x_gt                                  0x20000080   Data           8  test.o(.data)
    FZ_y_gt                                  0x20000088   Data           8  test.o(.data)
    FZ_bfb_gt                                0x20000090   Data           8  test.o(.data)
    SZGL_gt                                  0x20000098   Data           8  test.o(.data)
    GLYS_gt                                  0x200000a0   Data           8  test.o(.data)
    DA_Now                                   0x200000ac   Data           2  ad7545.o(.data)
    __stdout                                 0x200000b0   Data           4  usart.o(.data)
    USART_RX_STA                             0x200000b4   Data           2  usart.o(.data)
    USART2_RX_STA                            0x200000b6   Data           2  usart.o(.data)
    pxCurrentTCB                             0x200000c8   Data           4  tasks.o(.data)
    FHX_test                                 0x2000013c   Data          28  main.o(.bss)
    FFT_Struct                               0x20000158   Data       10464  test.o(.bss)
    DN_Struct                                0x20002a38   Data          64  test.o(.bss)
    ZK_Struct                                0x20002a78   Data          48  test.o(.bss)
    fz_Tab                                   0x20002aa8   Data          64  test.o(.bss)
    fz_x_Tab                                 0x20002ae8   Data          64  test.o(.bss)
    fz_y_Tab                                 0x20002b28   Data          64  test.o(.bss)
    fz_bfb_Tab                               0x20002b68   Data          64  test.o(.bss)
    SZGL_Tab                                 0x20002ba8   Data          64  test.o(.bss)
    glys_Tab                                 0x20002be8   Data          64  test.o(.bss)
    USART_RX_BUF                             0x20002c28   Data         200  usart.o(.bss)
    USART2_RX_BUF                            0x20002cf0   Data         200  usart.o(.bss)
    xQueueRegistry                           0x20002db8   Data          64  queue.o(.bss)
    __libspace_start                         0x20015b4c   Data          96  libspace.o(.bss)
    __temporary_stack_top$libspace           0x20015bac   Data           0  libspace.o(.bss)



==============================================================================

Memory Map of the image

  Image Entry point : 0x08000189

  Load Region LR_IROM1 (Base: 0x08000000, Size: 0x000094b4, Max: 0x00100000, ABSOLUTE, COMPRESSED[0x00009398])

    Execution Region ER_IROM1 (Exec base: 0x08000000, Load base: 0x08000000, Size: 0x00009378, Max: 0x00100000, ABSOLUTE)

    Exec Addr    Load Addr    Size         Type   Attr      Idx    E Section Name        Object

    0x08000000   0x08000000   0x00000188   Data   RO         3280    RESET               startup_stm32f40_41xxx.o
    0x08000188   0x08000188   0x00000008   Code   RO         4474  * !!!main             c_w.l(__main.o)
    0x08000190   0x08000190   0x00000034   Code   RO         4833    !!!scatter          c_w.l(__scatter.o)
    0x080001c4   0x080001c4   0x0000005a   Code   RO         4831    !!dczerorl2         c_w.l(__dczerorl2.o)
    0x0800021e   0x0800021e   0x00000002   PAD
    0x08000220   0x08000220   0x0000001c   Code   RO         4835    !!handler_zi        c_w.l(__scatter_zi.o)
    0x0800023c   0x0800023c   0x00000000   Code   RO         4461    .ARM.Collect$$_printf_percent$$00000000  c_w.l(_printf_percent.o)
    0x0800023c   0x0800023c   0x00000006   Code   RO         4460    .ARM.Collect$$_printf_percent$$00000003  c_w.l(_printf_f.o)
    0x08000242   0x08000242   0x00000006   Code   RO         4459    .ARM.Collect$$_printf_percent$$00000009  c_w.l(_printf_d.o)
    0x08000248   0x08000248   0x00000004   Code   RO         4573    .ARM.Collect$$_printf_percent$$00000017  c_w.l(_printf_percent_end.o)
    0x0800024c   0x0800024c   0x00000002   Code   RO         4708    .ARM.Collect$$libinit$$00000000  c_w.l(libinit.o)
    0x0800024e   0x0800024e   0x00000004   Code   RO         4709    .ARM.Collect$$libinit$$00000001  c_w.l(libinit2.o)
    0x08000252   0x08000252   0x00000000   Code   RO         4712    .ARM.Collect$$libinit$$00000004  c_w.l(libinit2.o)
    0x08000252   0x08000252   0x00000000   Code   RO         4715    .ARM.Collect$$libinit$$0000000A  c_w.l(libinit2.o)
    0x08000252   0x08000252   0x00000000   Code   RO         4717    .ARM.Collect$$libinit$$0000000C  c_w.l(libinit2.o)
    0x08000252   0x08000252   0x00000000   Code   RO         4719    .ARM.Collect$$libinit$$0000000E  c_w.l(libinit2.o)
    0x08000252   0x08000252   0x00000006   Code   RO         4720    .ARM.Collect$$libinit$$0000000F  c_w.l(libinit2.o)
    0x08000258   0x08000258   0x00000000   Code   RO         4722    .ARM.Collect$$libinit$$00000011  c_w.l(libinit2.o)
    0x08000258   0x08000258   0x00000000   Code   RO         4724    .ARM.Collect$$libinit$$00000013  c_w.l(libinit2.o)
    0x08000258   0x08000258   0x00000000   Code   RO         4726    .ARM.Collect$$libinit$$00000015  c_w.l(libinit2.o)
    0x08000258   0x08000258   0x0000000a   Code   RO         4727    .ARM.Collect$$libinit$$00000016  c_w.l(libinit2.o)
    0x08000262   0x08000262   0x00000000   Code   RO         4728    .ARM.Collect$$libinit$$00000017  c_w.l(libinit2.o)
    0x08000262   0x08000262   0x00000000   Code   RO         4730    .ARM.Collect$$libinit$$00000019  c_w.l(libinit2.o)
    0x08000262   0x08000262   0x00000000   Code   RO         4732    .ARM.Collect$$libinit$$0000001B  c_w.l(libinit2.o)
    0x08000262   0x08000262   0x00000000   Code   RO         4734    .ARM.Collect$$libinit$$0000001D  c_w.l(libinit2.o)
    0x08000262   0x08000262   0x00000000   Code   RO         4736    .ARM.Collect$$libinit$$0000001F  c_w.l(libinit2.o)
    0x08000262   0x08000262   0x00000000   Code   RO         4738    .ARM.Collect$$libinit$$00000021  c_w.l(libinit2.o)
    0x08000262   0x08000262   0x00000000   Code   RO         4740    .ARM.Collect$$libinit$$00000023  c_w.l(libinit2.o)
    0x08000262   0x08000262   0x00000000   Code   RO         4742    .ARM.Collect$$libinit$$00000025  c_w.l(libinit2.o)
    0x08000262   0x08000262   0x00000000   Code   RO         4746    .ARM.Collect$$libinit$$0000002C  c_w.l(libinit2.o)
    0x08000262   0x08000262   0x00000000   Code   RO         4748    .ARM.Collect$$libinit$$0000002E  c_w.l(libinit2.o)
    0x08000262   0x08000262   0x00000000   Code   RO         4750    .ARM.Collect$$libinit$$00000030  c_w.l(libinit2.o)
    0x08000262   0x08000262   0x00000000   Code   RO         4752    .ARM.Collect$$libinit$$00000032  c_w.l(libinit2.o)
    0x08000262   0x08000262   0x00000002   Code   RO         4753    .ARM.Collect$$libinit$$00000033  c_w.l(libinit2.o)
    0x08000264   0x08000264   0x00000002   Code   RO         4781    .ARM.Collect$$libshutdown$$00000000  c_w.l(libshutdown.o)
    0x08000266   0x08000266   0x00000000   Code   RO         4790    .ARM.Collect$$libshutdown$$00000002  c_w.l(libshutdown2.o)
    0x08000266   0x08000266   0x00000000   Code   RO         4792    .ARM.Collect$$libshutdown$$00000004  c_w.l(libshutdown2.o)
    0x08000266   0x08000266   0x00000000   Code   RO         4795    .ARM.Collect$$libshutdown$$00000007  c_w.l(libshutdown2.o)
    0x08000266   0x08000266   0x00000000   Code   RO         4798    .ARM.Collect$$libshutdown$$0000000A  c_w.l(libshutdown2.o)
    0x08000266   0x08000266   0x00000000   Code   RO         4800    .ARM.Collect$$libshutdown$$0000000C  c_w.l(libshutdown2.o)
    0x08000266   0x08000266   0x00000000   Code   RO         4803    .ARM.Collect$$libshutdown$$0000000F  c_w.l(libshutdown2.o)
    0x08000266   0x08000266   0x00000002   Code   RO         4804    .ARM.Collect$$libshutdown$$00000010  c_w.l(libshutdown2.o)
    0x08000268   0x08000268   0x00000000   Code   RO         4564    .ARM.Collect$$rtentry$$00000000  c_w.l(__rtentry.o)
    0x08000268   0x08000268   0x00000000   Code   RO         4628    .ARM.Collect$$rtentry$$00000002  c_w.l(__rtentry2.o)
    0x08000268   0x08000268   0x00000006   Code   RO         4640    .ARM.Collect$$rtentry$$00000004  c_w.l(__rtentry4.o)
    0x0800026e   0x0800026e   0x00000000   Code   RO         4630    .ARM.Collect$$rtentry$$00000009  c_w.l(__rtentry2.o)
    0x0800026e   0x0800026e   0x00000004   Code   RO         4631    .ARM.Collect$$rtentry$$0000000A  c_w.l(__rtentry2.o)
    0x08000272   0x08000272   0x00000000   Code   RO         4633    .ARM.Collect$$rtentry$$0000000C  c_w.l(__rtentry2.o)
    0x08000272   0x08000272   0x00000008   Code   RO         4634    .ARM.Collect$$rtentry$$0000000D  c_w.l(__rtentry2.o)
    0x0800027a   0x0800027a   0x00000002   Code   RO         4754    .ARM.Collect$$rtexit$$00000000  c_w.l(rtexit.o)
    0x0800027c   0x0800027c   0x00000000   Code   RO         4761    .ARM.Collect$$rtexit$$00000002  c_w.l(rtexit2.o)
    0x0800027c   0x0800027c   0x00000004   Code   RO         4762    .ARM.Collect$$rtexit$$00000003  c_w.l(rtexit2.o)
    0x08000280   0x08000280   0x00000006   Code   RO         4763    .ARM.Collect$$rtexit$$00000004  c_w.l(rtexit2.o)
    0x08000286   0x08000286   0x00000002   PAD
    0x08000288   0x08000288   0x000000be   Code   RO         4350    .emb_text           port.o
    0x08000346   0x08000346   0x00000002   PAD
    0x08000348   0x08000348   0x00000040   Code   RO         3281    .text               startup_stm32f40_41xxx.o
    0x08000388   0x08000388   0x00000002   Code   RO         4429    .text               c_w.l(use_no_semi_2.o)
    0x0800038a   0x0800038a   0x00000002   PAD
    0x0800038c   0x0800038c   0x00000018   Code   RO         4433    .text               c_w.l(noretval__2printf.o)
    0x080003a4   0x080003a4   0x00000078   Code   RO         4437    .text               c_w.l(_printf_dec.o)
    0x0800041c   0x0800041c   0x0000010e   Code   RO         4447    .text               c_w.l(__printf_wp.o)
    0x0800052a   0x0800052a   0x0000008a   Code   RO         4462    .text               c_w.l(rt_memcpy_v6.o)
    0x080005b4   0x080005b4   0x00000010   Code   RO         4466    .text               c_w.l(aeabi_memset.o)
    0x080005c4   0x080005c4   0x00000044   Code   RO         4468    .text               c_w.l(rt_memclr.o)
    0x08000608   0x08000608   0x0000004e   Code   RO         4470    .text               c_w.l(rt_memclr_w.o)
    0x08000656   0x08000656   0x00000006   Code   RO         4472    .text               c_w.l(heapauxi.o)
    0x0800065c   0x0800065c   0x00000002   Code   RO         4562    .text               c_w.l(use_no_semi.o)
    0x0800065e   0x0800065e   0x00000016   Code   RO         4565    .text               c_w.l(_rserrno.o)
    0x08000674   0x08000674   0x000000b2   Code   RO         4567    .text               c_w.l(_printf_intcommon.o)
    0x08000726   0x08000726   0x0000041e   Code   RO         4569    .text               c_w.l(_printf_fp_dec.o)
    0x08000b44   0x08000b44   0x00000024   Code   RO         4571    .text               c_w.l(_printf_char_file.o)
    0x08000b68   0x08000b68   0x00000064   Code   RO         4574    .text               c_w.l(rt_memcpy_w.o)
    0x08000bcc   0x08000bcc   0x00000008   Code   RO         4645    .text               c_w.l(rt_locale_intlibspace.o)
    0x08000bd4   0x08000bd4   0x00000008   Code   RO         4650    .text               c_w.l(rt_errno_addr_intlibspace.o)
    0x08000bdc   0x08000bdc   0x0000008a   Code   RO         4652    .text               c_w.l(lludiv10.o)
    0x08000c66   0x08000c66   0x00000002   PAD
    0x08000c68   0x08000c68   0x00000030   Code   RO         4654    .text               c_w.l(_printf_char_common.o)
    0x08000c98   0x08000c98   0x00000080   Code   RO         4656    .text               c_w.l(_printf_fp_infnan.o)
    0x08000d18   0x08000d18   0x000000e4   Code   RO         4658    .text               c_w.l(bigflt0.o)
    0x08000dfc   0x08000dfc   0x00000008   Code   RO         4683    .text               c_w.l(ferror.o)
    0x08000e04   0x08000e04   0x00000008   Code   RO         4692    .text               c_w.l(libspace.o)
    0x08000e0c   0x08000e0c   0x0000004a   Code   RO         4695    .text               c_w.l(sys_stackheap_outer.o)
    0x08000e56   0x08000e56   0x00000012   Code   RO         4699    .text               c_w.l(exit.o)
    0x08000e68   0x08000e68   0x00000080   Code   RO         4701    .text               c_w.l(strcmpv7m.o)
    0x08000ee8   0x08000ee8   0x0000003e   Code   RO         4661    CL$$btod_d2e        c_w.l(btod.o)
    0x08000f26   0x08000f26   0x00000046   Code   RO         4663    CL$$btod_d2e_denorm_low  c_w.l(btod.o)
    0x08000f6c   0x08000f6c   0x00000060   Code   RO         4662    CL$$btod_d2e_norm_op1  c_w.l(btod.o)
    0x08000fcc   0x08000fcc   0x00000338   Code   RO         4671    CL$$btod_div_common  c_w.l(btod.o)
    0x08001304   0x08001304   0x000000dc   Code   RO         4668    CL$$btod_e2e        c_w.l(btod.o)
    0x080013e0   0x080013e0   0x0000002a   Code   RO         4665    CL$$btod_ediv       c_w.l(btod.o)
    0x0800140a   0x0800140a   0x0000002a   Code   RO         4664    CL$$btod_emul       c_w.l(btod.o)
    0x08001434   0x08001434   0x00000244   Code   RO         4670    CL$$btod_mult_common  c_w.l(btod.o)
    0x08001678   0x08001678   0x00001268   Code   RO          454    i.AC_Test           test.o
    0x080028e0   0x080028e0   0x000000a0   Code   RO          402    i.ADS1274_Init      ads1274.o
    0x08002980   0x08002980   0x00000044   Code   RO          403    i.ADS1274_ReadNowAdc  ads1274.o
    0x080029c4   0x080029c4   0x00000094   Code   RO          455    i.Auto_LC_DN        test.o
    0x08002a58   0x08002a58   0x00000004   Code   RO          248    i.BusFault_Handler  stm32f4xx_it.o
    0x08002a5c   0x08002a5c   0x000001b8   Code   RO          456    i.CK_PGA            test.o
    0x08002c14   0x08002c14   0x0000029c   Code   RO          458    i.Daona_test        test.o
    0x08002eb0   0x08002eb0   0x00000002   Code   RO          249    i.DebugMon_Handler  stm32f4xx_it.o
    0x08002eb2   0x08002eb2   0x00000002   PAD
    0x08002eb4   0x08002eb4   0x00000064   Code   RO            3    i.DoReset_Task      main.o
    0x08002f18   0x08002f18   0x0000001c   Code   RO          405    i.EXTI4_IRQHandler  ads1274.o
    0x08002f34   0x08002f34   0x0000000c   Code   RO          986    i.EXTI_ClearITPendingBit  stm32f4xx_exti.o
    0x08002f40   0x08002f40   0x00000018   Code   RO          990    i.EXTI_GetITStatus  stm32f4xx_exti.o
    0x08002f58   0x08002f58   0x00000094   Code   RO          991    i.EXTI_Init         stm32f4xx_exti.o
    0x08002fec   0x08002fec   0x00000034   Code   RO         2684    i.FSMC_NORSRAMCmd   stm32f4xx_fsmc.o
    0x08003020   0x08003020   0x000000e6   Code   RO         2686    i.FSMC_NORSRAMInit  stm32f4xx_fsmc.o
    0x08003106   0x08003106   0x00000002   PAD
    0x08003108   0x08003108   0x000002f8   Code   RO          459    i.FZX_Test          test.o
    0x08003400   0x08003400   0x0000007c   Code   RO          460    i.FZX_Test_Init     test.o
    0x0800347c   0x0800347c   0x00000090   Code   RO         1048    i.GPIO_Init         stm32f4xx_gpio.o
    0x0800350c   0x0800350c   0x00000046   Code   RO         1049    i.GPIO_PinAFConfig  stm32f4xx_gpio.o
    0x08003552   0x08003552   0x00000004   Code   RO         1055    i.GPIO_ResetBits    stm32f4xx_gpio.o
    0x08003556   0x08003556   0x00000004   Code   RO         1056    i.GPIO_SetBits      stm32f4xx_gpio.o
    0x0800355a   0x0800355a   0x00000004   Code   RO          250    i.HardFault_Handler  stm32f4xx_it.o
    0x0800355e   0x0800355e   0x00000002   PAD
    0x08003560   0x08003560   0x00000020   Code   RO            4    i.LedFlash_Task     main.o
    0x08003580   0x08003580   0x00000004   Code   RO          251    i.MemManage_Handler  stm32f4xx_it.o
    0x08003584   0x08003584   0x00000002   Code   RO          252    i.NMI_Handler       stm32f4xx_it.o
    0x08003586   0x08003586   0x00000002   PAD
    0x08003588   0x08003588   0x00000078   Code   RO          941    i.NVIC_Init         misc.o
    0x08003600   0x08003600   0x00000014   Code   RO          942    i.NVIC_PriorityGroupConfig  misc.o
    0x08003614   0x08003614   0x000000a8   Code   RO          766    i.Out_7545_To       ad7545.o
    0x080036bc   0x080036bc   0x00000178   Code   RO          767    i.Out_Bfb_Adj       ad7545.o
    0x08003834   0x08003834   0x000000ac   Code   RO          768    i.Out_Bfb_To        ad7545.o
    0x080038e0   0x080038e0   0x00000020   Code   RO         1369    i.RCC_AHB1PeriphClockCmd  stm32f4xx_rcc.o
    0x08003900   0x08003900   0x00000020   Code   RO         1375    i.RCC_AHB3PeriphClockCmd  stm32f4xx_rcc.o
    0x08003920   0x08003920   0x00000020   Code   RO         1378    i.RCC_APB1PeriphClockCmd  stm32f4xx_rcc.o
    0x08003940   0x08003940   0x00000020   Code   RO         1381    i.RCC_APB2PeriphClockCmd  stm32f4xx_rcc.o
    0x08003960   0x08003960   0x00000020   Code   RO         1383    i.RCC_APB2PeriphResetCmd  stm32f4xx_rcc.o
    0x08003980   0x08003980   0x000000e8   Code   RO         1390    i.RCC_GetClocksFreq  stm32f4xx_rcc.o
    0x08003a68   0x08003a68   0x000000b4   Code   RO          364    i.SPI1_Init         spi.o
    0x08003b1c   0x08003b1c   0x000000f4   Code   RO          379    i.SPI1_Read_Data    spi.o
    0x08003c10   0x08003c10   0x00000018   Code   RO         1709    i.SPI_Cmd           stm32f4xx_spi.o
    0x08003c28   0x08003c28   0x00000012   Code   RO         1717    i.SPI_I2S_GetFlagStatus  stm32f4xx_spi.o
    0x08003c3a   0x08003c3a   0x00000006   Code   RO         1720    i.SPI_I2S_ReceiveData  stm32f4xx_spi.o
    0x08003c40   0x08003c40   0x0000003c   Code   RO         1722    i.SPI_Init          stm32f4xx_spi.o
    0x08003c7c   0x08003c7c   0x00000040   Code   RO         2620    i.SYSCFG_EXTILineConfig  stm32f4xx_syscfg.o
    0x08003cbc   0x08003cbc   0x00000116   Code   RO          461    i.SZLB              test.o
    0x08003dd2   0x08003dd2   0x00000002   PAD
    0x08003dd4   0x08003dd4   0x000000ec   Code   RO          327    i.SetSysClock       system_stm32f4xx.o
    0x08003ec0   0x08003ec0   0x000000d8   Code   RO            5    i.Start_Task        main.o
    0x08003f98   0x08003f98   0x000000b4   Code   RO          462    i.Swith_LC          test.o
    0x0800404c   0x0800404c   0x00000034   Code   RO         4351    i.SysTick_Handler   port.o
    0x08004080   0x08004080   0x00000068   Code   RO          329    i.SystemInit        system_stm32f4xx.o
    0x080040e8   0x080040e8   0x0000012c   Code   RO          554    i.System_GPIO_Init  gpio.o
    0x08004214   0x08004214   0x0000019c   Code   RO          463    i.Test_Param_Init   test.o
    0x080043b0   0x080043b0   0x0000065c   Code   RO            6    i.Test_Task         main.o
    0x08004a0c   0x08004a0c   0x000000b0   Code   RO          879    i.USART1_IRQHandler  usart.o
    0x08004abc   0x08004abc   0x00000088   Code   RO          880    i.USART2_IRQHandler  usart.o
    0x08004b44   0x08004b44   0x00000018   Code   RO         2433    i.USART_Cmd         stm32f4xx_usart.o
    0x08004b5c   0x08004b5c   0x00000054   Code   RO         2437    i.USART_GetITStatus  stm32f4xx_usart.o
    0x08004bb0   0x08004bb0   0x0000004a   Code   RO         2439    i.USART_ITConfig    stm32f4xx_usart.o
    0x08004bfa   0x08004bfa   0x00000002   PAD
    0x08004bfc   0x08004bfc   0x000000d4   Code   RO         2440    i.USART_Init        stm32f4xx_usart.o
    0x08004cd0   0x08004cd0   0x0000000a   Code   RO         2447    i.USART_ReceiveData  stm32f4xx_usart.o
    0x08004cda   0x08004cda   0x00000002   PAD
    0x08004cdc   0x08004cdc   0x000001ac   Code   RO            7    i.Uart1_Task        main.o
    0x08004e88   0x08004e88   0x00000004   Code   RO          253    i.UsageFault_Handler  stm32f4xx_it.o
    0x08004e8c   0x08004e8c   0x000001cc   Code   RO          464    i.Zukang_test       test.o
    0x08005058   0x08005058   0x00000030   Code   RO         4612    i.__ARM_fpclassify  m_wm.l(fpclassify.o)
    0x08005088   0x08005088   0x000002d8   Code   RO         4512    i.__hardfp_atan     m_wm.l(atan.o)
    0x08005360   0x08005360   0x000000c8   Code   RO         4526    i.__hardfp_cos      m_wm.l(cos.o)
    0x08005428   0x08005428   0x000000c8   Code   RO         4538    i.__hardfp_sin      m_wm.l(sin.o)
    0x080054f0   0x080054f0   0x0000007a   Code   RO         4550    i.__hardfp_sqrt     m_wm.l(sqrt.o)
    0x0800556a   0x0800556a   0x00000006   PAD
    0x08005570   0x08005570   0x00000438   Code   RO         4616    i.__ieee754_rem_pio2  m_wm.l(rred.o)
    0x080059a8   0x080059a8   0x00000170   Code   RO         4589    i.__kernel_cos      m_wm.l(cos_i.o)
    0x08005b18   0x08005b18   0x000000f8   Code   RO         4614    i.__kernel_poly     m_wm.l(poly.o)
    0x08005c10   0x08005c10   0x00000130   Code   RO         4621    i.__kernel_sin      m_wm.l(sin_i.o)
    0x08005d40   0x08005d40   0x00000014   Code   RO         4593    i.__mathlib_dbl_infnan  m_wm.l(dunder.o)
    0x08005d54   0x08005d54   0x00000004   PAD
    0x08005d58   0x08005d58   0x00000020   Code   RO         4595    i.__mathlib_dbl_invalid  m_wm.l(dunder.o)
    0x08005d78   0x08005d78   0x00000020   Code   RO         4598    i.__mathlib_dbl_underflow  m_wm.l(dunder.o)
    0x08005d98   0x08005d98   0x0000000e   Code   RO         4449    i._is_digit         c_w.l(__printf_wp.o)
    0x08005da6   0x08005da6   0x00000004   Code   RO          881    i._sys_exit         usart.o
    0x08005daa   0x08005daa   0x00000002   PAD
    0x08005dac   0x08005dac   0x000001b8   Code   RO          769    i.ad7545_FsmcConfig  ad7545.o
    0x08005f64   0x08005f64   0x0000003c   Code   RO            8    i.array_to_int      main.o
    0x08005fa0   0x08005fa0   0x00000018   Code   RO         4608    i.fabs              m_wm.l(fabs.o)
    0x08005fb8   0x08005fb8   0x0000001c   Code   RO          882    i.fputc             usart.o
    0x08005fd4   0x08005fd4   0x0000006c   Code   RO            9    i.main              main.o
    0x08006040   0x08006040   0x00000020   Code   RO          770    i.mdelay_ms         ad7545.o
    0x08006060   0x08006060   0x00000098   Code   RO         3810    i.prvAddCurrentTaskToDelayedList  tasks.o
    0x080060f8   0x080060f8   0x000000b8   Code   RO         3811    i.prvAddNewTaskToReadyList  tasks.o
    0x080061b0   0x080061b0   0x00000064   Code   RO         4159    i.prvCheckForValidListAndQueue  timers.o
    0x08006214   0x08006214   0x00000048   Code   RO         3812    i.prvCheckTasksWaitingTermination  tasks.o
    0x0800625c   0x0800625c   0x0000002a   Code   RO         3442    i.prvCopyDataFromQueue  queue.o
    0x08006286   0x08006286   0x0000007c   Code   RO         3443    i.prvCopyDataToQueue  queue.o
    0x08006302   0x08006302   0x00000012   Code   RO         3813    i.prvDeleteTCB      tasks.o
    0x08006314   0x08006314   0x00000014   Code   RO         3444    i.prvGetDisinheritPriorityAfterTimeout  queue.o
    0x08006328   0x08006328   0x00000028   Code   RO         4160    i.prvGetNextExpireTime  timers.o
    0x08006350   0x08006350   0x0000007c   Code   RO         4301    i.prvHeapInit       heap_4.o
    0x080063cc   0x080063cc   0x00000008   Code   RO         3814    i.prvIdleTask       tasks.o
    0x080063d4   0x080063d4   0x0000002a   Code   RO         3446    i.prvInitialiseNewQueue  queue.o
    0x080063fe   0x080063fe   0x000000b4   Code   RO         3815    i.prvInitialiseNewTask  tasks.o
    0x080064b2   0x080064b2   0x00000002   PAD
    0x080064b4   0x080064b4   0x00000068   Code   RO         3816    i.prvInitialiseTaskLists  tasks.o
    0x0800651c   0x0800651c   0x00000068   Code   RO         4302    i.prvInsertBlockIntoFreeList  heap_4.o
    0x08006584   0x08006584   0x00000058   Code   RO         4162    i.prvInsertTimerInActiveList  timers.o
    0x080065dc   0x080065dc   0x0000001a   Code   RO         3447    i.prvIsQueueEmpty   queue.o
    0x080065f6   0x080065f6   0x0000001e   Code   RO         3448    i.prvIsQueueFull    queue.o
    0x08006614   0x08006614   0x00000064   Code   RO         4163    i.prvProcessExpiredTimer  timers.o
    0x08006678   0x08006678   0x000000f4   Code   RO         4164    i.prvProcessReceivedCommands  timers.o
    0x0800676c   0x0800676c   0x00000074   Code   RO         4165    i.prvProcessTimerOrBlockTask  timers.o
    0x080067e0   0x080067e0   0x00000034   Code   RO         3818    i.prvResetNextTaskUnblockTime  tasks.o
    0x08006814   0x08006814   0x0000002c   Code   RO         4166    i.prvSampleTimeNow  timers.o
    0x08006840   0x08006840   0x000000a0   Code   RO         4167    i.prvSwitchTimerLists  timers.o
    0x080068e0   0x080068e0   0x00000040   Code   RO         4352    i.prvTaskExitError  port.o
    0x08006920   0x08006920   0x0000001a   Code   RO         4168    i.prvTimerTask      timers.o
    0x0800693a   0x0800693a   0x0000007e   Code   RO         3449    i.prvUnlockQueue    queue.o
    0x080069b8   0x080069b8   0x0000013c   Code   RO         4303    i.pvPortMalloc      heap_4.o
    0x08006af4   0x08006af4   0x00000020   Code   RO         3821    i.pvTaskIncrementMutexHeldCount  tasks.o
    0x08006b14   0x08006b14   0x0000002c   Code   RO         4353    i.pxPortInitialiseStack  port.o
    0x08006b40   0x08006b40   0x00000124   Code   RO          883    i.uart_init         usart.o
    0x08006c64   0x08006c64   0x00000028   Code   RO         3402    i.uxListRemove      list.o
    0x08006c8c   0x08006c8c   0x0000001a   Code   RO         3403    i.vListInitialise   list.o
    0x08006ca6   0x08006ca6   0x00000006   Code   RO         3404    i.vListInitialiseItem  list.o
    0x08006cac   0x08006cac   0x00000034   Code   RO         3405    i.vListInsert       list.o
    0x08006ce0   0x08006ce0   0x00000018   Code   RO         3406    i.vListInsertEnd    list.o
    0x08006cf8   0x08006cf8   0x00000054   Code   RO         4355    i.vPortEnterCritical  port.o
    0x08006d4c   0x08006d4c   0x0000003c   Code   RO         4356    i.vPortExitCritical  port.o
    0x08006d88   0x08006d88   0x00000094   Code   RO         4304    i.vPortFree         heap_4.o
    0x08006e1c   0x08006e1c   0x00000028   Code   RO         4357    i.vPortSetupTimerInterrupt  port.o
    0x08006e44   0x08006e44   0x00000078   Code   RO         4358    i.vPortValidateInterruptPriority  port.o
    0x08006ebc   0x08006ebc   0x0000002c   Code   RO         3455    i.vQueueAddToRegistry  queue.o
    0x08006ee8   0x08006ee8   0x0000004a   Code   RO         3459    i.vQueueWaitForMessageRestricted  queue.o
    0x08006f32   0x08006f32   0x00000002   PAD
    0x08006f34   0x08006f34   0x0000005c   Code   RO         3829    i.vTaskDelay        tasks.o
    0x08006f90   0x08006f90   0x00000018   Code   RO         3834    i.vTaskInternalSetTimeOutState  tasks.o
    0x08006fa8   0x08006fa8   0x0000000c   Code   RO         3835    i.vTaskMissedYield  tasks.o
    0x08006fb4   0x08006fb4   0x00000038   Code   RO         3837    i.vTaskPlaceOnEventList  tasks.o
    0x08006fec   0x08006fec   0x00000040   Code   RO         3838    i.vTaskPlaceOnEventListRestricted  tasks.o
    0x0800702c   0x0800702c   0x000000f4   Code   RO         3840    i.vTaskPriorityDisinheritAfterTimeout  tasks.o
    0x08007120   0x08007120   0x00000094   Code   RO         3846    i.vTaskStartScheduler  tasks.o
    0x080071b4   0x080071b4   0x000000f4   Code   RO         3847    i.vTaskSuspend      tasks.o
    0x080072a8   0x080072a8   0x00000010   Code   RO         3848    i.vTaskSuspendAll   tasks.o
    0x080072b8   0x080072b8   0x0000008c   Code   RO         3849    i.vTaskSwitchContext  tasks.o
    0x08007344   0x08007344   0x00000084   Code   RO          465    i.vol_div           test.o
    0x080073c8   0x080073c8   0x00000168   Code   RO         4359    i.xPortStartScheduler  port.o
    0x08007530   0x08007530   0x00000058   Code   RO         3462    i.xQueueGenericCreate  queue.o
    0x08007588   0x08007588   0x00000098   Code   RO         3463    i.xQueueGenericReset  queue.o
    0x08007620   0x08007620   0x000001a8   Code   RO         3464    i.xQueueGenericSend  queue.o
    0x080077c8   0x080077c8   0x000000f8   Code   RO         3465    i.xQueueGenericSendFromISR  queue.o
    0x080078c0   0x080078c0   0x000000e0   Code   RO         3466    i.xQueueGiveFromISR  queue.o
    0x080079a0   0x080079a0   0x00000168   Code   RO         3472    i.xQueueReceive     queue.o
    0x08007b08   0x08007b08   0x000001b8   Code   RO         3474    i.xQueueSemaphoreTake  queue.o
    0x08007cc0   0x08007cc0   0x0000008c   Code   RO         3850    i.xTaskCheckForTimeOut  tasks.o
    0x08007d4c   0x08007d4c   0x00000060   Code   RO         3851    i.xTaskCreate       tasks.o
    0x08007dac   0x08007dac   0x00000020   Code   RO         3855    i.xTaskGetSchedulerState  tasks.o
    0x08007dcc   0x08007dcc   0x0000000c   Code   RO         3856    i.xTaskGetTickCount  tasks.o
    0x08007dd8   0x08007dd8   0x00000148   Code   RO         3858    i.xTaskIncrementTick  tasks.o
    0x08007f20   0x08007f20   0x000000c8   Code   RO         3861    i.xTaskPriorityDisinherit  tasks.o
    0x08007fe8   0x08007fe8   0x000000c8   Code   RO         3862    i.xTaskPriorityInherit  tasks.o
    0x080080b0   0x080080b0   0x00000098   Code   RO         3863    i.xTaskRemoveFromEventList  tasks.o
    0x08008148   0x08008148   0x00000104   Code   RO         3864    i.xTaskResumeAll    tasks.o
    0x0800824c   0x0800824c   0x00000054   Code   RO         4174    i.xTimerCreateTimerTask  timers.o
    0x080082a0   0x080082a0   0x00000084   Code   RO         4175    i.xTimerGenericCommand  timers.o
    0x08008324   0x08008324   0x0000002c   Code   RO         4688    locale$$code        c_w.l(lc_numeric_c.o)
    0x08008350   0x08008350   0x00000018   Code   RO         4476    x$fpl$basic         fz_wm.l(basic.o)
    0x08008368   0x08008368   0x00000062   Code   RO         4478    x$fpl$d2f           fz_wm.l(d2f.o)
    0x080083ca   0x080083ca   0x00000002   PAD
    0x080083cc   0x080083cc   0x00000150   Code   RO         4480    x$fpl$dadd          fz_wm.l(daddsub_clz.o)
    0x0800851c   0x0800851c   0x00000018   Code   RO         4576    x$fpl$dcmpinf       fz_wm.l(dcmpi.o)
    0x08008534   0x08008534   0x000002b0   Code   RO         4487    x$fpl$ddiv          fz_wm.l(ddiv.o)
    0x080087e4   0x080087e4   0x00000078   Code   RO         4490    x$fpl$deqf          fz_wm.l(deqf.o)
    0x0800885c   0x0800885c   0x0000005e   Code   RO         4492    x$fpl$dfix          fz_wm.l(dfix.o)
    0x080088ba   0x080088ba   0x0000002e   Code   RO         4497    x$fpl$dflt          fz_wm.l(dflt_clz.o)
    0x080088e8   0x080088e8   0x00000026   Code   RO         4496    x$fpl$dfltu         fz_wm.l(dflt_clz.o)
    0x0800890e   0x0800890e   0x00000002   PAD
    0x08008910   0x08008910   0x00000078   Code   RO         4502    x$fpl$dleqf         fz_wm.l(dleqf.o)
    0x08008988   0x08008988   0x00000154   Code   RO         4504    x$fpl$dmul          fz_wm.l(dmul.o)
    0x08008adc   0x08008adc   0x0000009c   Code   RO         4578    x$fpl$dnaninf       fz_wm.l(dnaninf.o)
    0x08008b78   0x08008b78   0x0000000c   Code   RO         4580    x$fpl$dretinf       fz_wm.l(dretinf.o)
    0x08008b84   0x08008b84   0x0000006c   Code   RO         4506    x$fpl$drleqf        fz_wm.l(drleqf.o)
    0x08008bf0   0x08008bf0   0x00000016   Code   RO         4481    x$fpl$drsb          fz_wm.l(daddsub_clz.o)
    0x08008c06   0x08008c06   0x00000002   PAD
    0x08008c08   0x08008c08   0x00000198   Code   RO         4582    x$fpl$dsqrt         fz_wm.l(dsqrt_umaal.o)
    0x08008da0   0x08008da0   0x000001d4   Code   RO         4482    x$fpl$dsub          fz_wm.l(daddsub_clz.o)
    0x08008f74   0x08008f74   0x00000056   Code   RO         4508    x$fpl$f2d           fz_wm.l(f2d.o)
    0x08008fca   0x08008fca   0x0000008c   Code   RO         4584    x$fpl$fnaninf       fz_wm.l(fnaninf.o)
    0x08009056   0x08009056   0x0000000a   Code   RO         4758    x$fpl$fpinit        fz_wm.l(fpinit.o)
    0x08009060   0x08009060   0x0000000a   Code   RO         4586    x$fpl$fretinf       fz_wm.l(fretinf.o)
    0x0800906a   0x0800906a   0x00000004   Code   RO         4510    x$fpl$printf1       fz_wm.l(printf1.o)
    0x0800906e   0x0800906e   0x00000000   Code   RO         4588    x$fpl$usenofp       fz_wm.l(usenofp.o)
    0x0800906e   0x0800906e   0x00000002   PAD
    0x08009070   0x08009070   0x00000080   Data   RO          467    .constdata          test.o
    0x080090f0   0x080090f0   0x00000098   Data   RO         4515    .constdata          m_wm.l(atan.o)
    0x08009188   0x08009188   0x00000030   Data   RO         4590    .constdata          m_wm.l(cos_i.o)
    0x080091b8   0x080091b8   0x000000c8   Data   RO         4618    .constdata          m_wm.l(rred.o)
    0x08009280   0x08009280   0x00000028   Data   RO         4622    .constdata          m_wm.l(sin_i.o)
    0x080092a8   0x080092a8   0x00000094   Data   RO         4659    .constdata          c_w.l(bigflt0.o)
    0x0800933c   0x0800933c   0x00000020   Data   RO         4829    Region$$Table       anon$$obj.o
    0x0800935c   0x0800935c   0x0000001c   Data   RO         4687    locale$$data        c_w.l(lc_numeric_c.o)


    Execution Region RW_IRAM1 (Exec base: 0x20000000, Load base: 0x08009378, Size: 0x000161b0, Max: 0x00020000, ABSOLUTE, COMPRESSED[0x00000020])

    Exec Addr    Load Addr    Size         Type   Attr      Idx    E Section Name        Object

    0x20000000   COMPRESSED   0x00000021   Data   RW           11    .data               main.o
    0x20000021   COMPRESSED   0x00000003   PAD
    0x20000024   COMPRESSED   0x00000014   Data   RW          330    .data               system_stm32f4xx.o
    0x20000038   COMPRESSED   0x00000008   Data   RW          406    .data               ads1274.o
    0x20000040   COMPRESSED   0x0000006b   Data   RW          468    .data               test.o
    0x200000ab   COMPRESSED   0x00000001   PAD
    0x200000ac   COMPRESSED   0x00000002   Data   RW          771    .data               ad7545.o
    0x200000ae   COMPRESSED   0x00000002   PAD
    0x200000b0   COMPRESSED   0x00000008   Data   RW          885    .data               usart.o
    0x200000b8   COMPRESSED   0x00000010   Data   RW         1422    .data               stm32f4xx_rcc.o
    0x200000c8   COMPRESSED   0x0000003c   Data   RW         3867    .data               tasks.o
    0x20000104   COMPRESSED   0x00000014   Data   RW         4181    .data               timers.o
    0x20000118   COMPRESSED   0x00000018   Data   RW         4309    .data               heap_4.o
    0x20000130   COMPRESSED   0x0000000c   Data   RW         4360    .data               port.o
    0x2000013c        -       0x0000001c   Zero   RW           10    .bss                main.o
    0x20000158        -       0x00002ad0   Zero   RW          466    .bss                test.o
    0x20002c28        -       0x00000190   Zero   RW          884    .bss                usart.o
    0x20002db8        -       0x00000040   Zero   RW         3476    .bss                queue.o
    0x20002df8        -       0x0000012c   Zero   RW         3866    .bss                tasks.o
    0x20002f24        -       0x00000028   Zero   RW         4180    .bss                timers.o
    0x20002f4c        -       0x00012c00   Zero   RW         4308    .bss                heap_4.o
    0x20015b4c        -       0x00000060   Zero   RW         4693    .bss                c_w.l(libspace.o)
    0x20015bac   COMPRESSED   0x00000004   PAD
    0x20015bb0        -       0x00000200   Zero   RW         3279    HEAP                startup_stm32f40_41xxx.o
    0x20015db0        -       0x00000400   Zero   RW         3278    STACK               startup_stm32f40_41xxx.o


==============================================================================

Image component sizes


      Code (inc. data)   RO Data    RW Data    ZI Data      Debug   Object Name

      1188        138          0          2          0       5099   ad7545.o
       256         16          0          8          0       2368   ads1274.o
         0          0          0          0          0      11380   event_groups.o
       300         22          0          0          0        655   gpio.o
       692         62          0         24      76800       4435   heap_4.o
       148          0          0          0          0       3246   list.o
      2572        368          0         33         28     304767   main.o
       140         24          0          0          0       1443   misc.o
      1014         92          0         12          0      11525   port.o
      2464         26          0          0         64      17000   queue.o
       424         16          0          0          0       1621   spi.o
        64         26        392          0       1536        816   startup_stm32f40_41xxx.o
       184         16          0          0          0       1972   stm32f4xx_exti.o
       282          6          0          0          0       1729   stm32f4xx_fsmc.o
       222          0          0          0          0       2727   stm32f4xx_gpio.o
        20          0          0          0          0       2549   stm32f4xx_it.o
       392         48          0         16          0       5561   stm32f4xx_rcc.o
       108          0          0          0          0       2795   stm32f4xx_spi.o
        64          4          0          0          0        624   stm32f4xx_syscfg.o
       404          8          0          0          0       4086   stm32f4xx_usart.o
       340         32          0         20          0       1637   system_stm32f4xx.o
      3262        408          0         60        300      24562   tasks.o
      8314        560        128        107      10960      12314   test.o
      1134        114          0         20         40      17435   timers.o
       636         54          0          8        400       4790   usart.o

    ----------------------------------------------------------------------
     24646       2040        552        316      90128     447136   Object Totals
         0          0         32          0          0          0   (incl. Generated)
        22          0          0          6          0          0   (incl. Padding)

    ----------------------------------------------------------------------

      Code (inc. data)   RO Data    RW Data    ZI Data      Debug   Library Member Name

        90          0          0          0          0          0   __dczerorl2.o
         8          0          0          0          0         68   __main.o
       284          0          0          0          0        156   __printf_wp.o
         0          0          0          0          0          0   __rtentry.o
        12          0          0          0          0          0   __rtentry2.o
         6          0          0          0          0          0   __rtentry4.o
        52          8          0          0          0          0   __scatter.o
        28          0          0          0          0          0   __scatter_zi.o
        48          6          0          0          0         96   _printf_char_common.o
        36          4          0          0          0         80   _printf_char_file.o
         6          0          0          0          0          0   _printf_d.o
       120         16          0          0          0         92   _printf_dec.o
         6          0          0          0          0          0   _printf_f.o
      1054          0          0          0          0        216   _printf_fp_dec.o
       128         16          0          0          0         84   _printf_fp_infnan.o
       178          0          0          0          0         88   _printf_intcommon.o
         0          0          0          0          0          0   _printf_percent.o
         4          0          0          0          0          0   _printf_percent_end.o
        22          0          0          0          0        100   _rserrno.o
        16          0          0          0          0         68   aeabi_memset.o
       228          4        148          0          0         96   bigflt0.o
      1936        128          0          0          0        672   btod.o
        18          0          0          0          0         80   exit.o
         8          0          0          0          0         68   ferror.o
         6          0          0          0          0        152   heapauxi.o
        44         10         28          0          0         76   lc_numeric_c.o
         2          0          0          0          0          0   libinit.o
        22          0          0          0          0          0   libinit2.o
         2          0          0          0          0          0   libshutdown.o
         2          0          0          0          0          0   libshutdown2.o
         8          4          0          0         96         68   libspace.o
       138          0          0          0          0         80   lludiv10.o
        24          4          0          0          0         84   noretval__2printf.o
         8          4          0          0          0         68   rt_errno_addr_intlibspace.o
         8          4          0          0          0         68   rt_locale_intlibspace.o
        68          0          0          0          0         68   rt_memclr.o
        78          0          0          0          0         80   rt_memclr_w.o
       138          0          0          0          0         68   rt_memcpy_v6.o
       100          0          0          0          0         80   rt_memcpy_w.o
         2          0          0          0          0          0   rtexit.o
        10          0          0          0          0          0   rtexit2.o
       128          0          0          0          0         68   strcmpv7m.o
        74          0          0          0          0         80   sys_stackheap_outer.o
         2          0          0          0          0         68   use_no_semi.o
         2          0          0          0          0         68   use_no_semi_2.o
        24          0          0          0          0        164   basic.o
        98          4          0          0          0        140   d2f.o
       826         16          0          0          0        492   daddsub_clz.o
        24          0          0          0          0        116   dcmpi.o
       688        140          0          0          0        256   ddiv.o
       120          4          0          0          0        140   deqf.o
        94          4          0          0          0        140   dfix.o
        84          0          0          0          0        232   dflt_clz.o
       120          4          0          0          0        140   dleqf.o
       340         12          0          0          0        152   dmul.o
       156          4          0          0          0        140   dnaninf.o
        12          0          0          0          0        116   dretinf.o
       108          0          0          0          0        128   drleqf.o
       408         56          0          0          0        168   dsqrt_umaal.o
        86          4          0          0          0        132   f2d.o
       140          4          0          0          0        132   fnaninf.o
        10          0          0          0          0        116   fpinit.o
        10          0          0          0          0        116   fretinf.o
         4          0          0          0          0        116   printf1.o
         0          0          0          0          0          0   usenofp.o
       728        106        152          0          0        228   atan.o
       200         20          0          0          0        164   cos.o
       368         46         48          0          0        200   cos_i.o
        84         16          0          0          0        372   dunder.o
        24          0          0          0          0        124   fabs.o
        48          0          0          0          0        124   fpclassify.o
       248          0          0          0          0        152   poly.o
      1080        142        200          0          0        188   rred.o
       200         20          0          0          0        164   sin.o
       304         24         40          0          0        208   sin_i.o
       122          0          0          0          0        148   sqrt.o

    ----------------------------------------------------------------------
     11938        834        616          0        100       8348   Library Totals
        26          0          0          0          4          0   (incl. Padding)

    ----------------------------------------------------------------------

      Code (inc. data)   RO Data    RW Data    ZI Data      Debug   Library Name

      5154        208        176          0         96       3140   c_w.l
      3352        252          0          0          0       3136   fz_wm.l
      3406        374        440          0          0       2072   m_wm.l

    ----------------------------------------------------------------------
     11938        834        616          0        100       8348   Library Totals

    ----------------------------------------------------------------------

==============================================================================


      Code (inc. data)   RO Data    RW Data    ZI Data      Debug   

     36584       2874       1168        316      90228     436916   Grand Totals
     36584       2874       1168         32      90228     436916   ELF Image Totals (compressed)
     36584       2874       1168         32          0          0   ROM Totals

==============================================================================

    Total RO  Size (Code + RO Data)                37752 (  36.87kB)
    Total RW  Size (RW Data + ZI Data)             90544 (  88.42kB)
    Total ROM Size (Code + RO Data + RW Data)      37784 (  36.90kB)

==============================================================================

