<html>
<body>
<pre>
<h1>µVision Build Log</h1>
<h2>Tool Versions:</h2>
IDE-Version: ¦ÌVision V5.25.2.0
Copyright (C) 2018 ARM Ltd and ARM Germany GmbH. All rights reserved.
License Information: huang bao, ningbosanwei, LIC=1WSKP-MX5BI-XCAJ0-BJ98A-K6DJ0-B1QNC
 
Tool Versions:
Toolchain:       MDK-ARM Professional  Version: 5.25.2.0
Toolchain Path:  D:\MDK525\ARM\ARMCC\Bin
C Compiler:      Armcc.exe V5.06 update 6 (build 750)
Assembler:       Armasm.exe V5.06 update 6 (build 750)
Linker/Locator:  ArmLink.exe V5.06 update 6 (build 750)
Library Manager: ArmAr.exe V5.06 update 6 (build 750)
Hex Converter:   FromElf.exe V5.06 update 6 (build 750)
CPU DLL:         SARMCM3.DLL V5.25.2.0
Dialog DLL:      DCM.DLL V1.17.1.0
Target DLL:      Segger\JL2CM3.dll V2.99.23.0
Dialog DLL:      TCM.DLL V1.35.1.0
 
<h2>Project:</h2>
F:\LoadCases\FHX_Proj\USER\FHX_Proj.uvprojx
Project File Date:  06/01/2018

<h2>Output:</h2>
*** Using Compiler 'V5.06 update 6 (build 750)', folder: 'D:\MDK525\ARM\ARMCC\Bin'
Rebuild target 'FHX_Proj'
compiling stm32f4xx_it.c...
compiling system_stm32f4xx.c...
compiling main.c...
compiling ads1274.c...
compiling spi.c...
compiling test.c...
compiling gpio.c...
compiling sht11.c...
compiling lcd.c...
compiling rtc.c...
compiling ad7545.c...
compiling sys.c...
compiling misc.c...
compiling usart.c...
compiling stm32f4xx_exti.c...
compiling stm32f4xx_gpio.c...
compiling stm32f4xx_i2c.c...
compiling stm32f4xx_spi.c...
compiling stm32f4xx_rcc.c...
compiling stm32f4xx_tim.c...
compiling stm32f4xx_syscfg.c...
compiling stm32f4xx_usart.c...
compiling stm32f4xx_fsmc.c...
assembling startup_stm32f40_41xxx.s...
compiling croutine.c...
compiling event_groups.c...
compiling list.c...
compiling stm32f4xx_pwr.c...
compiling queue.c...
compiling stm32f4xx_rtc.c...
compiling stream_buffer.c...
compiling heap_4.c...
compiling timers.c...
compiling tasks.c...
compiling port.c...
linking...
Program Size: Code=36584 RO-data=1168 RW-data=316 ZI-data=90228  
FromELF: creating hex file...
"..\OBJ\FHX_Proj.axf" - 0 Error(s), 0 Warning(s).

<h2>Software Packages used:</h2>

Package Vendor: Keil
                http://www.keil.com/pack/Keil.STM32F4xx_DFP.2.10.0.pack
                Keil.STM32F4xx_DFP.2.10.0
                STMicroelectronics STM32F4 Series Device Support, Drivers and Examples

<h2>Collection of Component include folders:</h2>
  .\RTE\_FHX_Proj
  D:\MDK525\ARM\PACK\Keil\STM32F4xx_DFP\2.10.0\Drivers\CMSIS\Device\ST\STM32F4xx\Include

<h2>Collection of Component Files used:</h2>
Build Time Elapsed:  00:00:12
</pre>
</body>
</html>
